Archive member included to satisfy reference by file (symbol)

c:/gcc-arm-none-eabi-10-2020-q4-major/bin/../lib/gcc/arm-none-eabi/10.2.1/thumb/v7e-m+fp/hard\libgcc.a(_aeabi_uldivmod.o)
                              CMakeFiles/source.elf.dir/Drivers/STM32F4xx_HAL_Driver/Src/stm32f4xx_hal_rcc.c.obj (__aeabi_uldivmod)
c:/gcc-arm-none-eabi-10-2020-q4-major/bin/../lib/gcc/arm-none-eabi/10.2.1/thumb/v7e-m+fp/hard\libgcc.a(_udivmoddi4.o)
                              c:/gcc-arm-none-eabi-10-2020-q4-major/bin/../lib/gcc/arm-none-eabi/10.2.1/thumb/v7e-m+fp/hard\libgcc.a(_aeabi_uldivmod.o) (__udivmoddi4)
c:/gcc-arm-none-eabi-10-2020-q4-major/bin/../lib/gcc/arm-none-eabi/10.2.1/thumb/v7e-m+fp/hard\libgcc.a(_dvmd_tls.o)
                              c:/gcc-arm-none-eabi-10-2020-q4-major/bin/../lib/gcc/arm-none-eabi/10.2.1/thumb/v7e-m+fp/hard\libgcc.a(_aeabi_uldivmod.o) (__aeabi_ldiv0)
c:/gcc-arm-none-eabi-10-2020-q4-major/bin/../lib/gcc/arm-none-eabi/10.2.1/../../../../arm-none-eabi/lib/thumb/v7e-m+fp/hard\libg.a(lib_a-errno.o)
                              CMakeFiles/source.elf.dir/Core/Src/syscalls.c.obj (__errno)
c:/gcc-arm-none-eabi-10-2020-q4-major/bin/../lib/gcc/arm-none-eabi/10.2.1/../../../../arm-none-eabi/lib/thumb/v7e-m+fp/hard\libg.a(lib_a-exit.o)
                              c:/gcc-arm-none-eabi-10-2020-q4-major/bin/../lib/gcc/arm-none-eabi/10.2.1/../../../../arm-none-eabi/lib/thumb/v7e-m+fp/hard/crt0.o (exit)
c:/gcc-arm-none-eabi-10-2020-q4-major/bin/../lib/gcc/arm-none-eabi/10.2.1/../../../../arm-none-eabi/lib/thumb/v7e-m+fp/hard\libg.a(lib_a-impure.o)
                              c:/gcc-arm-none-eabi-10-2020-q4-major/bin/../lib/gcc/arm-none-eabi/10.2.1/../../../../arm-none-eabi/lib/thumb/v7e-m+fp/hard\libg.a(lib_a-exit.o) (_global_impure_ptr)
c:/gcc-arm-none-eabi-10-2020-q4-major/bin/../lib/gcc/arm-none-eabi/10.2.1/../../../../arm-none-eabi/lib/thumb/v7e-m+fp/hard\libg.a(lib_a-init.o)
                              c:/gcc-arm-none-eabi-10-2020-q4-major/bin/../lib/gcc/arm-none-eabi/10.2.1/../../../../arm-none-eabi/lib/thumb/v7e-m+fp/hard/crt0.o (__libc_init_array)
c:/gcc-arm-none-eabi-10-2020-q4-major/bin/../lib/gcc/arm-none-eabi/10.2.1/../../../../arm-none-eabi/lib/thumb/v7e-m+fp/hard\libg.a(lib_a-memset.o)
                              c:/gcc-arm-none-eabi-10-2020-q4-major/bin/../lib/gcc/arm-none-eabi/10.2.1/../../../../arm-none-eabi/lib/thumb/v7e-m+fp/hard/crt0.o (memset)
c:/gcc-arm-none-eabi-10-2020-q4-major/bin/../lib/gcc/arm-none-eabi/10.2.1/../../../../arm-none-eabi/lib/thumb/v7e-m+fp/hard\libg.a(lib_a-__call_atexit.o)
                              c:/gcc-arm-none-eabi-10-2020-q4-major/bin/../lib/gcc/arm-none-eabi/10.2.1/../../../../arm-none-eabi/lib/thumb/v7e-m+fp/hard\libg.a(lib_a-exit.o) (__call_exitprocs)
c:/gcc-arm-none-eabi-10-2020-q4-major/bin/../lib/gcc/arm-none-eabi/10.2.1/../../../../arm-none-eabi/lib/thumb/v7e-m+fp/hard\libg.a(lib_a-atexit.o)
                              c:/gcc-arm-none-eabi-10-2020-q4-major/bin/../lib/gcc/arm-none-eabi/10.2.1/../../../../arm-none-eabi/lib/thumb/v7e-m+fp/hard\libg.a(lib_a-__call_atexit.o) (atexit)
c:/gcc-arm-none-eabi-10-2020-q4-major/bin/../lib/gcc/arm-none-eabi/10.2.1/../../../../arm-none-eabi/lib/thumb/v7e-m+fp/hard\libg.a(lib_a-fini.o)
                              c:/gcc-arm-none-eabi-10-2020-q4-major/bin/../lib/gcc/arm-none-eabi/10.2.1/../../../../arm-none-eabi/lib/thumb/v7e-m+fp/hard\libg.a(lib_a-__call_atexit.o) (__libc_fini_array)
c:/gcc-arm-none-eabi-10-2020-q4-major/bin/../lib/gcc/arm-none-eabi/10.2.1/../../../../arm-none-eabi/lib/thumb/v7e-m+fp/hard\libg.a(lib_a-lock.o)
                              c:/gcc-arm-none-eabi-10-2020-q4-major/bin/../lib/gcc/arm-none-eabi/10.2.1/../../../../arm-none-eabi/lib/thumb/v7e-m+fp/hard\libg.a(lib_a-__call_atexit.o) (__retarget_lock_acquire_recursive)
c:/gcc-arm-none-eabi-10-2020-q4-major/bin/../lib/gcc/arm-none-eabi/10.2.1/../../../../arm-none-eabi/lib/thumb/v7e-m+fp/hard\libg.a(lib_a-__atexit.o)
                              c:/gcc-arm-none-eabi-10-2020-q4-major/bin/../lib/gcc/arm-none-eabi/10.2.1/../../../../arm-none-eabi/lib/thumb/v7e-m+fp/hard\libg.a(lib_a-atexit.o) (__register_exitproc)

Discarded input sections

 .text          0x00000000        0x0 c:/gcc-arm-none-eabi-10-2020-q4-major/bin/../lib/gcc/arm-none-eabi/10.2.1/thumb/v7e-m+fp/hard/crti.o
 .data          0x00000000        0x0 c:/gcc-arm-none-eabi-10-2020-q4-major/bin/../lib/gcc/arm-none-eabi/10.2.1/thumb/v7e-m+fp/hard/crti.o
 .bss           0x00000000        0x0 c:/gcc-arm-none-eabi-10-2020-q4-major/bin/../lib/gcc/arm-none-eabi/10.2.1/thumb/v7e-m+fp/hard/crti.o
 .data          0x00000000        0x4 c:/gcc-arm-none-eabi-10-2020-q4-major/bin/../lib/gcc/arm-none-eabi/10.2.1/thumb/v7e-m+fp/hard/crtbegin.o
 .rodata        0x00000000       0x24 c:/gcc-arm-none-eabi-10-2020-q4-major/bin/../lib/gcc/arm-none-eabi/10.2.1/thumb/v7e-m+fp/hard/crtbegin.o
[...]
Memory Configuration

Name             Origin             Length             Attributes
RAM              0x20000000         0x00020000         xrw
FLASH            0x08000000         0x00080000         xr
*default*        0x00000000         0xffffffff

Linker script and memory map

LOAD c:/gcc-arm-none-eabi-10-2020-q4-major/bin/../lib/gcc/arm-none-eabi/10.2.1/thumb/v7e-m+fp/hard/crti.o
LOAD c:/gcc-arm-none-eabi-10-2020-q4-major/bin/../lib/gcc/arm-none-eabi/10.2.1/thumb/v7e-m+fp/hard/crtbegin.o
LOAD c:/gcc-arm-none-eabi-10-2020-q4-major/bin/../lib/gcc/arm-none-eabi/10.2.1/../../../../arm-none-eabi/lib/thumb/v7e-m+fp/hard/crt0.o
LOAD CMakeFiles/source.elf.dir/Core/Src/gpio.c.obj
LOAD CMakeFiles/source.elf.dir/Core/Src/main.c.obj
LOAD CMakeFiles/source.elf.dir/Core/Src/stm32f4xx_hal_msp.c.obj
LOAD CMakeFiles/source.elf.dir/Core/Src/stm32f4xx_it.c.obj
LOAD CMakeFiles/source.elf.dir/Core/Src/syscalls.c.obj
LOAD CMakeFiles/source.elf.dir/Core/Src/sysmem.c.obj
LOAD CMakeFiles/source.elf.dir/Core/Src/system_stm32f4xx.c.obj
LOAD CMakeFiles/source.elf.dir/Core/Src/tim.c.obj
LOAD CMakeFiles/source.elf.dir/Core/Startup/startup_stm32f411ceux.s.obj
LOAD CMakeFiles/source.elf.dir/Drivers/STM32F4xx_HAL_Driver/Src/stm32f4xx_hal.c.obj
LOAD CMakeFiles/source.elf.dir/Drivers/STM32F4xx_HAL_Driver/Src/stm32f4xx_hal_cortex.c.obj
LOAD CMakeFiles/source.elf.dir/Drivers/STM32F4xx_HAL_Driver/Src/stm32f4xx_hal_dma.c.obj
LOAD CMakeFiles/source.elf.dir/Drivers/STM32F4xx_HAL_Driver/Src/stm32f4xx_hal_dma_ex.c.obj
LOAD CMakeFiles/source.elf.dir/Drivers/STM32F4xx_HAL_Driver/Src/stm32f4xx_hal_exti.c.obj
LOAD CMakeFiles/source.elf.dir/Drivers/STM32F4xx_HAL_Driver/Src/stm32f4xx_hal_flash.c.obj
LOAD CMakeFiles/source.elf.dir/Drivers/STM32F4xx_HAL_Driver/Src/stm32f4xx_hal_flash_ex.c.obj
LOAD CMakeFiles/source.elf.dir/Drivers/STM32F4xx_HAL_Driver/Src/stm32f4xx_hal_flash_ramfunc.c.obj
LOAD CMakeFiles/source.elf.dir/Drivers/STM32F4xx_HAL_Driver/Src/stm32f4xx_hal_gpio.c.obj
LOAD CMakeFiles/source.elf.dir/Drivers/STM32F4xx_HAL_Driver/Src/stm32f4xx_hal_pwr.c.obj
LOAD CMakeFiles/source.elf.dir/Drivers/STM32F4xx_HAL_Driver/Src/stm32f4xx_hal_pwr_ex.c.obj
LOAD CMakeFiles/source.elf.dir/Drivers/STM32F4xx_HAL_Driver/Src/stm32f4xx_hal_rcc.c.obj
LOAD CMakeFiles/source.elf.dir/Drivers/STM32F4xx_HAL_Driver/Src/stm32f4xx_hal_rcc_ex.c.obj
LOAD CMakeFiles/source.elf.dir/Drivers/STM32F4xx_HAL_Driver/Src/stm32f4xx_hal_tim.c.obj
LOAD CMakeFiles/source.elf.dir/Drivers/STM32F4xx_HAL_Driver/Src/stm32f4xx_hal_tim_ex.c.obj
START GROUP
LOAD c:/gcc-arm-none-eabi-10-2020-q4-major/bin/../lib/gcc/arm-none-eabi/10.2.1/thumb/v7e-m+fp/hard\libgcc.a
LOAD c:/gcc-arm-none-eabi-10-2020-q4-major/bin/../lib/gcc/arm-none-eabi/10.2.1/../../../../arm-none-eabi/lib/thumb/v7e-m+fp/hard\libg.a
LOAD c:/gcc-arm-none-eabi-10-2020-q4-major/bin/../lib/gcc/arm-none-eabi/10.2.1/../../../../arm-none-eabi/lib/thumb/v7e-m+fp/hard\libc.a
END GROUP
LOAD c:/gcc-arm-none-eabi-10-2020-q4-major/bin/../lib/gcc/arm-none-eabi/10.2.1/thumb/v7e-m+fp/hard/crtend.o
LOAD c:/gcc-arm-none-eabi-10-2020-q4-major/bin/../lib/gcc/arm-none-eabi/10.2.1/thumb/v7e-m+fp/hard/crtn.o
                0x20020000                _estack = (ORIGIN (RAM) + LENGTH (RAM))
                0x00000200                _Min_Heap_Size = 0x200
                0x00000400                _Min_Stack_Size = 0x400

.isr_vector     0x08000000      0x198
                0x08000000                . = ALIGN (0x4)
 *(.isr_vector)
 .isr_vector    0x08000000      0x198 CMakeFiles/source.elf.dir/Core/Startup/startup_stm32f411ceux.s.obj
                0x08000000                g_pfnVectors
                0x08000198                . = ALIGN (0x4)

.text           0x08000198     0x17fc
                0x08000198                . = ALIGN (0x4)
 *(.text)
 .text          0x08000198       0x40 c:/gcc-arm-none-eabi-10-2020-q4-major/bin/../lib/gcc/arm-none-eabi/10.2.1/thumb/v7e-m+fp/hard/crtbegin.o
 .text          0x080001d8       0x30 c:/gcc-arm-none-eabi-10-2020-q4-major/bin/../lib/gcc/arm-none-eabi/10.2.1/thumb/v7e-m+fp/hard\libgcc.a(_aeabi_uldivmod.o)
                0x080001d8                __aeabi_uldivmod
 .text          0x08000208      0x2d0 c:/gcc-arm-none-eabi-10-2020-q4-major/bin/../lib/gcc/arm-none-eabi/10.2.1/thumb/v7e-m+fp/hard\libgcc.a(_udivmoddi4.o)
                0x08000208                __udivmoddi4
 .text          0x080004d8        0x4 c:/gcc-arm-none-eabi-10-2020-q4-major/bin/../lib/gcc/arm-none-eabi/10.2.1/thumb/v7e-m+fp/hard\libgcc.a(_dvmd_tls.o)
                0x080004d8                __aeabi_idiv0
                0x080004d8                __aeabi_ldiv0
 *(.text*)
 .text.MX_GPIO_Init
                0x080004dc       0x60 CMakeFiles/source.elf.dir/Core/Src/gpio.c.obj
                0x080004dc                MX_GPIO_Init
 .text.Error_Handler
                0x0800053c        0x4 CMakeFiles/source.elf.dir/Core/Src/main.c.obj
                0x0800053c                Error_Handler
 .text.SystemClock_Config
                0x08000540       0xa0 CMakeFiles/source.elf.dir/Core/Src/main.c.obj
                0x08000540                SystemClock_Config
 .text.main     0x080005e0       0x4c CMakeFiles/source.elf.dir/Core/Src/main.c.obj
                0x080005e0                main
 .text.HAL_MspInit
                0x0800062c       0x38 CMakeFiles/source.elf.dir/Core/Src/stm32f4xx_hal_msp.c.obj
                0x0800062c                HAL_MspInit
 .text.NMI_Handler
                0x08000664        0x2 CMakeFiles/source.elf.dir/Core/Src/stm32f4xx_it.c.obj
                0x08000664                NMI_Handler
 .text.HardFault_Handler
                0x08000666        0x2 CMakeFiles/source.elf.dir/Core/Src/stm32f4xx_it.c.obj
                0x08000666                HardFault_Handler
 .text.MemManage_Handler
                0x08000668        0x2 CMakeFiles/source.elf.dir/Core/Src/stm32f4xx_it.c.obj
                0x08000668                MemManage_Handler
 .text.BusFault_Handler
                0x0800066a        0x2 CMakeFiles/source.elf.dir/Core/Src/stm32f4xx_it.c.obj
                0x0800066a                BusFault_Handler
 .text.UsageFault_Handler
                0x0800066c        0x2 CMakeFiles/source.elf.dir/Core/Src/stm32f4xx_it.c.obj
                0x0800066c                UsageFault_Handler
 .text.SVC_Handler
                0x0800066e        0x2 CMakeFiles/source.elf.dir/Core/Src/stm32f4xx_it.c.obj
                0x0800066e                SVC_Handler
 .text.DebugMon_Handler
                0x08000670        0x2 CMakeFiles/source.elf.dir/Core/Src/stm32f4xx_it.c.obj
                0x08000670                DebugMon_Handler
 .text.PendSV_Handler
                0x08000672        0x2 CMakeFiles/source.elf.dir/Core/Src/stm32f4xx_it.c.obj
                0x08000672                PendSV_Handler
 .text.SysTick_Handler
                0x08000674        0x8 CMakeFiles/source.elf.dir/Core/Src/stm32f4xx_it.c.obj
                0x08000674                SysTick_Handler
 .text.SystemInit
                0x0800067c       0x14 CMakeFiles/source.elf.dir/Core/Src/system_stm32f4xx.c.obj
                0x0800067c                SystemInit
 .text.HAL_TIM_PWM_MspInit
                0x08000690       0x30 CMakeFiles/source.elf.dir/Core/Src/tim.c.obj
                0x08000690                HAL_TIM_PWM_MspInit
 .text.HAL_TIM_MspPostInit
                0x080006c0       0x5c CMakeFiles/source.elf.dir/Core/Src/tim.c.obj
                0x080006c0                HAL_TIM_MspPostInit
 .text.MX_TIM1_Init
                0x0800071c      0x108 CMakeFiles/source.elf.dir/Core/Src/tim.c.obj
                0x0800071c                MX_TIM1_Init
 .text.Reset_Handler
                0x08000824       0x50 CMakeFiles/source.elf.dir/Core/Startup/startup_stm32f411ceux.s.obj
                0x08000824                Reset_Handler
 .text.Default_Handler
                0x08000874        0x2 CMakeFiles/source.elf.dir/Core/Startup/startup_stm32f411ceux.s.obj
                0x08000874                RTC_Alarm_IRQHandler
                0x08000874                EXTI2_IRQHandler
                0x08000874                SPI4_IRQHandler
                0x08000874                TIM1_CC_IRQHandler
                0x08000874                DMA2_Stream5_IRQHandler
                0x08000874                DMA1_Stream5_IRQHandler
                0x08000874                PVD_IRQHandler
                0x08000874                SDIO_IRQHandler
                0x08000874                TAMP_STAMP_IRQHandler
                0x08000874                EXTI3_IRQHandler
                0x08000874                TIM1_UP_TIM10_IRQHandler
                0x08000874                I2C3_ER_IRQHandler
                0x08000874                EXTI0_IRQHandler
                0x08000874                I2C2_EV_IRQHandler
                0x08000874                DMA1_Stream2_IRQHandler
                0x08000874                FPU_IRQHandler
                0x08000874                DMA2_Stream2_IRQHandler
                0x08000874                SPI1_IRQHandler
                0x08000874                TIM1_BRK_TIM9_IRQHandler
                0x08000874                DMA2_Stream3_IRQHandler
                0x08000874                USART6_IRQHandler
                0x08000874                DMA2_Stream0_IRQHandler
                0x08000874                TIM4_IRQHandler
                0x08000874                I2C1_EV_IRQHandler
                0x08000874                DMA1_Stream6_IRQHandler
                0x08000874                DMA1_Stream1_IRQHandler
                0x08000874                TIM3_IRQHandler
                0x08000874                RCC_IRQHandler
                0x08000874                Default_Handler
                0x08000874                EXTI15_10_IRQHandler
                0x08000874                ADC_IRQHandler
                0x08000874                DMA1_Stream7_IRQHandler
                0x08000874                SPI5_IRQHandler
                0x08000874                TIM5_IRQHandler
                0x08000874                DMA2_Stream7_IRQHandler
                0x08000874                I2C3_EV_IRQHandler
                0x08000874                EXTI9_5_IRQHandler
                0x08000874                RTC_WKUP_IRQHandler
                0x08000874                SPI2_IRQHandler
                0x08000874                DMA1_Stream0_IRQHandler
                0x08000874                EXTI4_IRQHandler
                0x08000874                WWDG_IRQHandler
                0x08000874                TIM2_IRQHandler
                0x08000874                OTG_FS_WKUP_IRQHandler
                0x08000874                TIM1_TRG_COM_TIM11_IRQHandler
                0x08000874                EXTI1_IRQHandler
                0x08000874                USART2_IRQHandler
                0x08000874                I2C2_ER_IRQHandler
                0x08000874                DMA2_Stream1_IRQHandler
                0x08000874                FLASH_IRQHandler
                0x08000874                DMA2_Stream4_IRQHandler
                0x08000874                USART1_IRQHandler
                0x08000874                OTG_FS_IRQHandler
                0x08000874                SPI3_IRQHandler
                0x08000874                DMA1_Stream4_IRQHandler
                0x08000874                I2C1_ER_IRQHandler
                0x08000874                DMA2_Stream6_IRQHandler
                0x08000874                DMA1_Stream3_IRQHandler
 *fill*         0x08000876        0x2 
 .text.HAL_InitTick
                0x08000878       0x4c CMakeFiles/source.elf.dir/Drivers/STM32F4xx_HAL_Driver/Src/stm32f4xx_hal.c.obj
                0x08000878                HAL_InitTick
 .text.HAL_Init
                0x080008c4       0x34 CMakeFiles/source.elf.dir/Drivers/STM32F4xx_HAL_Driver/Src/stm32f4xx_hal.c.obj
                0x080008c4                HAL_Init
 .text.HAL_IncTick
                0x080008f8       0x18 CMakeFiles/source.elf.dir/Drivers/STM32F4xx_HAL_Driver/Src/stm32f4xx_hal.c.obj
                0x080008f8                HAL_IncTick
 .text.HAL_GetTick
                0x08000910        0xc CMakeFiles/source.elf.dir/Drivers/STM32F4xx_HAL_Driver/Src/stm32f4xx_hal.c.obj
                0x08000910                HAL_GetTick
 .text.HAL_NVIC_SetPriorityGrouping
                0x0800091c       0x24 CMakeFiles/source.elf.dir/Drivers/STM32F4xx_HAL_Driver/Src/stm32f4xx_hal_cortex.c.obj
                0x0800091c                HAL_NVIC_SetPriorityGrouping
 .text.HAL_NVIC_SetPriority
                0x08000940       0x70 CMakeFiles/source.elf.dir/Drivers/STM32F4xx_HAL_Driver/Src/stm32f4xx_hal_cortex.c.obj
                0x08000940                HAL_NVIC_SetPriority
 .text.HAL_SYSTICK_Config
                0x080009b0       0x28 CMakeFiles/source.elf.dir/Drivers/STM32F4xx_HAL_Driver/Src/stm32f4xx_hal_cortex.c.obj
                0x080009b0                HAL_SYSTICK_Config
 .text.HAL_GPIO_Init
                0x080009d8      0x1c0 CMakeFiles/source.elf.dir/Drivers/STM32F4xx_HAL_Driver/Src/stm32f4xx_hal_gpio.c.obj
                0x080009d8                HAL_GPIO_Init
 .text.HAL_RCC_OscConfig
                0x08000b98      0x3f8 CMakeFiles/source.elf.dir/Drivers/STM32F4xx_HAL_Driver/Src/stm32f4xx_hal_rcc.c.obj
                0x08000b98                HAL_RCC_OscConfig
 .text.HAL_RCC_GetSysClockFreq
                0x08000f90       0xa4 CMakeFiles/source.elf.dir/Drivers/STM32F4xx_HAL_Driver/Src/stm32f4xx_hal_rcc.c.obj
                0x08000f90                HAL_RCC_GetSysClockFreq
 .text.HAL_RCC_ClockConfig
                0x08001034      0x160 CMakeFiles/source.elf.dir/Drivers/STM32F4xx_HAL_Driver/Src/stm32f4xx_hal_rcc.c.obj
                0x08001034                HAL_RCC_ClockConfig
 .text.TIM_OC1_SetConfig
                0x08001194       0x5c CMakeFiles/source.elf.dir/Drivers/STM32F4xx_HAL_Driver/Src/stm32f4xx_hal_tim.c.obj
 .text.TIM_OC3_SetConfig
                0x080011f0       0x64 CMakeFiles/source.elf.dir/Drivers/STM32F4xx_HAL_Driver/Src/stm32f4xx_hal_tim.c.obj
 .text.TIM_OC4_SetConfig
                0x08001254       0x48 CMakeFiles/source.elf.dir/Drivers/STM32F4xx_HAL_Driver/Src/stm32f4xx_hal_tim.c.obj
 .text.HAL_TIM_OC_MspInit
                0x0800129c        0x2 CMakeFiles/source.elf.dir/Drivers/STM32F4xx_HAL_Driver/Src/stm32f4xx_hal_tim.c.obj
                0x0800129c                HAL_TIM_OC_MspInit
 *fill*         0x0800129e        0x2 
 .text.TIM_Base_SetConfig
                0x080012a0       0x9c CMakeFiles/source.elf.dir/Drivers/STM32F4xx_HAL_Driver/Src/stm32f4xx_hal_tim.c.obj
                0x080012a0                TIM_Base_SetConfig
 .text.HAL_TIM_OC_Init
                0x0800133c       0x58 CMakeFiles/source.elf.dir/Drivers/STM32F4xx_HAL_Driver/Src/stm32f4xx_hal_tim.c.obj
                0x0800133c                HAL_TIM_OC_Init
 .text.HAL_TIM_PWM_Init
                0x08001394       0x58 CMakeFiles/source.elf.dir/Drivers/STM32F4xx_HAL_Driver/Src/stm32f4xx_hal_tim.c.obj
                0x08001394                HAL_TIM_PWM_Init
 .text.TIM_OC2_SetConfig
                0x080013ec       0x64 CMakeFiles/source.elf.dir/Drivers/STM32F4xx_HAL_Driver/Src/stm32f4xx_hal_tim.c.obj
                0x080013ec                TIM_OC2_SetConfig
 .text.HAL_TIM_OC_ConfigChannel
                0x08001450       0x5e CMakeFiles/source.elf.dir/Drivers/STM32F4xx_HAL_Driver/Src/stm32f4xx_hal_tim.c.obj
                0x08001450                HAL_TIM_OC_ConfigChannel
 .text.HAL_TIM_PWM_ConfigChannel
                0x080014ae       0xdc CMakeFiles/source.elf.dir/Drivers/STM32F4xx_HAL_Driver/Src/stm32f4xx_hal_tim.c.obj
                0x080014ae                HAL_TIM_PWM_ConfigChannel
 .text.TIM_CCxChannelCmd
                0x0800158a       0x1e CMakeFiles/source.elf.dir/Drivers/STM32F4xx_HAL_Driver/Src/stm32f4xx_hal_tim.c.obj
                0x0800158a                TIM_CCxChannelCmd
 .text.HAL_TIM_PWM_Start_IT
                0x080015a8      0x138 CMakeFiles/source.elf.dir/Drivers/STM32F4xx_HAL_Driver/Src/stm32f4xx_hal_tim.c.obj
                0x080015a8                HAL_TIM_PWM_Start_IT
 .text.HAL_TIMEx_MasterConfigSynchronization
                0x080016e0       0x7c CMakeFiles/source.elf.dir/Drivers/STM32F4xx_HAL_Driver/Src/stm32f4xx_hal_tim_ex.c.obj
                0x080016e0                HAL_TIMEx_MasterConfigSynchronization
 .text.HAL_TIMEx_ConfigBreakDeadTime
                0x0800175c       0x52 CMakeFiles/source.elf.dir/Drivers/STM32F4xx_HAL_Driver/Src/stm32f4xx_hal_tim_ex.c.obj
                0x0800175c                HAL_TIMEx_ConfigBreakDeadTime
 *fill*         0x080017ae        0x2 
 .text.__libc_init_array
                0x080017b0       0x48 c:/gcc-arm-none-eabi-10-2020-q4-major/bin/../lib/gcc/arm-none-eabi/10.2.1/../../../../arm-none-eabi/lib/thumb/v7e-m+fp/hard\libg.a(lib_a-init.o)
                0x080017b0                __libc_init_array
 .text.memset   0x080017f8       0xa4 c:/gcc-arm-none-eabi-10-2020-q4-major/bin/../lib/gcc/arm-none-eabi/10.2.1/../../../../arm-none-eabi/lib/thumb/v7e-m+fp/hard\libg.a(lib_a-memset.o)
                0x080017f8                memset
 .text.startup.register_fini
                0x0800189c       0x14 c:/gcc-arm-none-eabi-10-2020-q4-major/bin/../lib/gcc/arm-none-eabi/10.2.1/../../../../arm-none-eabi/lib/thumb/v7e-m+fp/hard\libg.a(lib_a-__call_atexit.o)
 .text.atexit   0x080018b0        0xc c:/gcc-arm-none-eabi-10-2020-q4-major/bin/../lib/gcc/arm-none-eabi/10.2.1/../../../../arm-none-eabi/lib/thumb/v7e-m+fp/hard\libg.a(lib_a-atexit.o)
                0x080018b0                atexit
 .text.__libc_fini_array
                0x080018bc       0x2c c:/gcc-arm-none-eabi-10-2020-q4-major/bin/../lib/gcc/arm-none-eabi/10.2.1/../../../../arm-none-eabi/lib/thumb/v7e-m+fp/hard\libg.a(lib_a-fini.o)
                0x080018bc                __libc_fini_array
 .text.__retarget_lock_acquire_recursive
                0x080018e8        0x4 c:/gcc-arm-none-eabi-10-2020-q4-major/bin/../lib/gcc/arm-none-eabi/10.2.1/../../../../arm-none-eabi/lib/thumb/v7e-m+fp/hard\libg.a(lib_a-lock.o)
                0x080018e8                __retarget_lock_acquire_recursive
 .text.__retarget_lock_release_recursive
                0x080018ec        0x4 c:/gcc-arm-none-eabi-10-2020-q4-major/bin/../lib/gcc/arm-none-eabi/10.2.1/../../../../arm-none-eabi/lib/thumb/v7e-m+fp/hard\libg.a(lib_a-lock.o)
                0x080018ec                __retarget_lock_release_recursive
 .text.__register_exitproc
                0x080018f0       0x8c c:/gcc-arm-none-eabi-10-2020-q4-major/bin/../lib/gcc/arm-none-eabi/10.2.1/../../../../arm-none-eabi/lib/thumb/v7e-m+fp/hard\libg.a(lib_a-__atexit.o)
                0x080018f0                __register_exitproc
 *(.glue_7)
 .glue_7        0x0800197c        0x0 linker stubs
 *(.glue_7t)
 .glue_7t       0x0800197c        0x0 linker stubs
 *(.eh_frame)
 .eh_frame      0x0800197c        0x0 c:/gcc-arm-none-eabi-10-2020-q4-major/bin/../lib/gcc/arm-none-eabi/10.2.1/thumb/v7e-m+fp/hard/crtbegin.o
 *(.init)
 .init          0x0800197c        0x4 c:/gcc-arm-none-eabi-10-2020-q4-major/bin/../lib/gcc/arm-none-eabi/10.2.1/thumb/v7e-m+fp/hard/crti.o
                0x0800197c                _init
 .init          0x08001980        0x8 c:/gcc-arm-none-eabi-10-2020-q4-major/bin/../lib/gcc/arm-none-eabi/10.2.1/thumb/v7e-m+fp/hard/crtn.o
 *(.fini)
 .fini          0x08001988        0x4 c:/gcc-arm-none-eabi-10-2020-q4-major/bin/../lib/gcc/arm-none-eabi/10.2.1/thumb/v7e-m+fp/hard/crti.o
                0x08001988                _fini
 .fini          0x0800198c        0x8 c:/gcc-arm-none-eabi-10-2020-q4-major/bin/../lib/gcc/arm-none-eabi/10.2.1/thumb/v7e-m+fp/hard/crtn.o
                0x08001994                . = ALIGN (0x4)
                0x08001994                _etext = .

.vfp11_veneer   0x08001994        0x0
 .vfp11_veneer  0x08001994        0x0 linker stubs

.v4_bx          0x08001994        0x0
 .v4_bx         0x08001994        0x0 linker stubs

.iplt           0x08001994        0x0
 .iplt          0x08001994        0x0 c:/gcc-arm-none-eabi-10-2020-q4-major/bin/../lib/gcc/arm-none-eabi/10.2.1/thumb/v7e-m+fp/hard/crtbegin.o

.rodata         0x08001994       0x14
                0x08001994                . = ALIGN (0x4)
 *(.rodata)
 *(.rodata*)
 .rodata.AHBPrescTable
                0x08001994       0x10 CMakeFiles/source.elf.dir/Core/Src/system_stm32f4xx.c.obj
                0x08001994                AHBPrescTable
 .rodata._global_impure_ptr
                0x080019a4        0x4 c:/gcc-arm-none-eabi-10-2020-q4-major/bin/../lib/gcc/arm-none-eabi/10.2.1/../../../../arm-none-eabi/lib/thumb/v7e-m+fp/hard\libg.a(lib_a-impure.o)
                0x080019a4                _global_impure_ptr
                0x080019a8                . = ALIGN (0x4)

.ARM.extab      0x080019a8        0x0
                0x080019a8                . = ALIGN (0x4)
 *(.ARM.extab* .gnu.linkonce.armextab.*)
                0x080019a8                . = ALIGN (0x4)

.ARM            0x080019a8        0x8
                0x080019a8                . = ALIGN (0x4)
                0x080019a8                __exidx_start = .
 *(.ARM.exidx*)
 .ARM.exidx     0x080019a8        0x8 c:/gcc-arm-none-eabi-10-2020-q4-major/bin/../lib/gcc/arm-none-eabi/10.2.1/thumb/v7e-m+fp/hard\libgcc.a(_udivmoddi4.o)
                0x080019b0                __exidx_end = .
                0x080019b0                . = ALIGN (0x4)

.rel.dyn        0x080019b0        0x0
 .rel.iplt      0x080019b0        0x0 c:/gcc-arm-none-eabi-10-2020-q4-major/bin/../lib/gcc/arm-none-eabi/10.2.1/thumb/v7e-m+fp/hard/crtbegin.o

.preinit_array  0x080019b0        0x0
                0x080019b0                . = ALIGN (0x4)
                0x080019b0                PROVIDE (__preinit_array_start = .)
 *(.preinit_array*)
                0x080019b0                PROVIDE (__preinit_array_end = .)
                0x080019b0                . = ALIGN (0x4)

.init_array     0x080019b0        0x8
                0x080019b0                . = ALIGN (0x4)
                0x080019b0                PROVIDE (__init_array_start = .)
 *(SORT_BY_NAME(.init_array.*))
 .init_array.00000
                0x080019b0        0x4 c:/gcc-arm-none-eabi-10-2020-q4-major/bin/../lib/gcc/arm-none-eabi/10.2.1/../../../../arm-none-eabi/lib/thumb/v7e-m+fp/hard\libg.a(lib_a-__call_atexit.o)
 *(.init_array*)
 .init_array    0x080019b4        0x4 c:/gcc-arm-none-eabi-10-2020-q4-major/bin/../lib/gcc/arm-none-eabi/10.2.1/thumb/v7e-m+fp/hard/crtbegin.o
                0x080019b8                PROVIDE (__init_array_end = .)
                0x080019b8                . = ALIGN (0x4)

.fini_array     0x080019b8        0x4
                0x080019b8                . = ALIGN (0x4)
                0x080019b8                PROVIDE (__fini_array_start = .)
 *(SORT_BY_NAME(.fini_array.*))
 *(.fini_array*)
 .fini_array    0x080019b8        0x4 c:/gcc-arm-none-eabi-10-2020-q4-major/bin/../lib/gcc/arm-none-eabi/10.2.1/thumb/v7e-m+fp/hard/crtbegin.o
                0x080019bc                PROVIDE (__fini_array_end = .)
                0x080019bc                . = ALIGN (0x4)
                0x080019bc                _sidata = LOADADDR (.data)

.data           0x20000000      0x43c load address 0x080019bc
                0x20000000                . = ALIGN (0x4)
                0x20000000                _sdata = .
 *(.data)
 *(.data*)
 .data.SystemCoreClock
                0x20000000        0x4 CMakeFiles/source.elf.dir/Core/Src/system_stm32f4xx.c.obj
                0x20000000                SystemCoreClock
 .data.uwTickFreq
                0x20000004        0x1 CMakeFiles/source.elf.dir/Drivers/STM32F4xx_HAL_Driver/Src/stm32f4xx_hal.c.obj
                0x20000004                uwTickFreq
 *fill*         0x20000005        0x3 
 .data.uwTickPrio
                0x20000008        0x4 CMakeFiles/source.elf.dir/Drivers/STM32F4xx_HAL_Driver/Src/stm32f4xx_hal.c.obj
                0x20000008                uwTickPrio
 *fill*         0x2000000c        0x4 
 .data.impure_data
                0x20000010      0x428 c:/gcc-arm-none-eabi-10-2020-q4-major/bin/../lib/gcc/arm-none-eabi/10.2.1/../../../../arm-none-eabi/lib/thumb/v7e-m+fp/hard\libg.a(lib_a-impure.o)
 .data.__atexit_recursive_mutex
                0x20000438        0x4 c:/gcc-arm-none-eabi-10-2020-q4-major/bin/../lib/gcc/arm-none-eabi/10.2.1/../../../../arm-none-eabi/lib/thumb/v7e-m+fp/hard\libg.a(lib_a-__call_atexit.o)
                0x20000438                __atexit_recursive_mutex
 *(.RamFunc)
 *(.RamFunc*)
                0x2000043c                . = ALIGN (0x4)
                0x2000043c                _edata = .

.igot.plt       0x2000043c        0x0 load address 0x08001df8
 .igot.plt      0x2000043c        0x0 c:/gcc-arm-none-eabi-10-2020-q4-major/bin/../lib/gcc/arm-none-eabi/10.2.1/thumb/v7e-m+fp/hard/crtbegin.o
                0x2000043c                . = ALIGN (0x4)

.bss            0x2000043c       0x6c load address 0x08001df8
                0x2000043c                _sbss = .
                0x2000043c                __bss_start__ = _sbss
 *(.bss)
 .bss           0x2000043c       0x1c c:/gcc-arm-none-eabi-10-2020-q4-major/bin/../lib/gcc/arm-none-eabi/10.2.1/thumb/v7e-m+fp/hard/crtbegin.o
 *(.bss*)
 .bss.htim1     0x20000458       0x48 CMakeFiles/source.elf.dir/Core/Src/tim.c.obj
                0x20000458                htim1
 .bss.uwTick    0x200004a0        0x4 CMakeFiles/source.elf.dir/Drivers/STM32F4xx_HAL_Driver/Src/stm32f4xx_hal.c.obj
                0x200004a0                uwTick
 .bss.__lock___atexit_recursive_mutex
                0x200004a4        0x1 c:/gcc-arm-none-eabi-10-2020-q4-major/bin/../lib/gcc/arm-none-eabi/10.2.1/../../../../arm-none-eabi/lib/thumb/v7e-m+fp/hard\libg.a(lib_a-lock.o)
                0x200004a4                __lock___atexit_recursive_mutex
 *(COMMON)
                0x200004a8                . = ALIGN (0x4)
 *fill*         0x200004a5        0x3 
                0x200004a8                _ebss = .
                0x200004a8                __bss_end__ = _ebss

._user_heap_stack
                0x200004a8      0x600 load address 0x08001df8
                0x200004a8                . = ALIGN (0x8)
                [!provide]                PROVIDE (end = .)
                0x200004a8                PROVIDE (_end = .)
                0x200006a8                . = (. + _Min_Heap_Size)
 *fill*         0x200004a8      0x200 
                0x20000aa8                . = (. + _Min_Stack_Size)
 *fill*         0x200006a8      0x400 
                0x20000aa8                . = ALIGN (0x8)

/DISCARD/
 libc.a(*)
 libm.a(*)
 libgcc.a(*)

.ARM.attributes
                0x00000000       0x30
 *(.ARM.attributes)
 .ARM.attributes
                0x00000000       0x1e c:/gcc-arm-none-eabi-10-2020-q4-major/bin/../lib/gcc/arm-none-eabi/10.2.1/thumb/v7e-m+fp/hard/crti.o
 .ARM.attributes
                0x0000001e       0x34 c:/gcc-arm-none-eabi-10-2020-q4-major/bin/../lib/gcc/arm-none-eabi/10.2.1/thumb/v7e-m+fp/hard/crtbegin.o
 .ARM.attributes
                0x00000052       0x34 CMakeFiles/source.elf.dir/Core/Src/gpio.c.obj
 .ARM.attributes
                0x00000086       0x34 CMakeFiles/source.elf.dir/Core/Src/main.c.obj
 .ARM.attributes
                0x000000ba       0x34 CMakeFiles/source.elf.dir/Core/Src/stm32f4xx_hal_msp.c.obj
 .ARM.attributes
                0x000000ee       0x34 CMakeFiles/source.elf.dir/Core/Src/stm32f4xx_it.c.obj
 .ARM.attributes
                0x00000122       0x34 CMakeFiles/source.elf.dir/Core/Src/system_stm32f4xx.c.obj
 .ARM.attributes
                0x00000156       0x34 CMakeFiles/source.elf.dir/Core/Src/tim.c.obj
 .ARM.attributes
                0x0000018a       0x21 CMakeFiles/source.elf.dir/Core/Startup/startup_stm32f411ceux.s.obj
 .ARM.attributes
                0x000001ab       0x34 CMakeFiles/source.elf.dir/Drivers/STM32F4xx_HAL_Driver/Src/stm32f4xx_hal.c.obj
 .ARM.attributes
                0x000001df       0x34 CMakeFiles/source.elf.dir/Drivers/STM32F4xx_HAL_Driver/Src/stm32f4xx_hal_cortex.c.obj
 .ARM.attributes
                0x00000213       0x34 CMakeFiles/source.elf.dir/Drivers/STM32F4xx_HAL_Driver/Src/stm32f4xx_hal_gpio.c.obj
 .ARM.attributes
                0x00000247       0x34 CMakeFiles/source.elf.dir/Drivers/STM32F4xx_HAL_Driver/Src/stm32f4xx_hal_rcc.c.obj
 .ARM.attributes
                0x0000027b       0x34 CMakeFiles/source.elf.dir/Drivers/STM32F4xx_HAL_Driver/Src/stm32f4xx_hal_tim.c.obj
 .ARM.attributes
                0x000002af       0x34 CMakeFiles/source.elf.dir/Drivers/STM32F4xx_HAL_Driver/Src/stm32f4xx_hal_tim_ex.c.obj
 .ARM.attributes
                0x000002e3       0x1e c:/gcc-arm-none-eabi-10-2020-q4-major/bin/../lib/gcc/arm-none-eabi/10.2.1/thumb/v7e-m+fp/hard\libgcc.a(_aeabi_uldivmod.o)
 .ARM.attributes
                0x00000301       0x34 c:/gcc-arm-none-eabi-10-2020-q4-major/bin/../lib/gcc/arm-none-eabi/10.2.1/thumb/v7e-m+fp/hard\libgcc.a(_udivmoddi4.o)
 .ARM.attributes
                0x00000335       0x1e c:/gcc-arm-none-eabi-10-2020-q4-major/bin/../lib/gcc/arm-none-eabi/10.2.1/thumb/v7e-m+fp/hard\libgcc.a(_dvmd_tls.o)
 .ARM.attributes
                0x00000353       0x32 c:/gcc-arm-none-eabi-10-2020-q4-major/bin/../lib/gcc/arm-none-eabi/10.2.1/../../../../arm-none-eabi/lib/thumb/v7e-m+fp/hard\libg.a(lib_a-impure.o)
 .ARM.attributes
                0x00000385       0x34 c:/gcc-arm-none-eabi-10-2020-q4-major/bin/../lib/gcc/arm-none-eabi/10.2.1/../../../../arm-none-eabi/lib/thumb/v7e-m+fp/hard\libg.a(lib_a-init.o)
 .ARM.attributes
                0x000003b9       0x34 c:/gcc-arm-none-eabi-10-2020-q4-major/bin/../lib/gcc/arm-none-eabi/10.2.1/../../../../arm-none-eabi/lib/thumb/v7e-m+fp/hard\libg.a(lib_a-memset.o)
 .ARM.attributes
                0x000003ed       0x34 c:/gcc-arm-none-eabi-10-2020-q4-major/bin/../lib/gcc/arm-none-eabi/10.2.1/../../../../arm-none-eabi/lib/thumb/v7e-m+fp/hard\libg.a(lib_a-__call_atexit.o)
 .ARM.attributes
                0x00000421       0x34 c:/gcc-arm-none-eabi-10-2020-q4-major/bin/../lib/gcc/arm-none-eabi/10.2.1/../../../../arm-none-eabi/lib/thumb/v7e-m+fp/hard\libg.a(lib_a-atexit.o)
 .ARM.attributes
                0x00000455       0x34 c:/gcc-arm-none-eabi-10-2020-q4-major/bin/../lib/gcc/arm-none-eabi/10.2.1/../../../../arm-none-eabi/lib/thumb/v7e-m+fp/hard\libg.a(lib_a-fini.o)
 .ARM.attributes
                0x00000489       0x34 c:/gcc-arm-none-eabi-10-2020-q4-major/bin/../lib/gcc/arm-none-eabi/10.2.1/../../../../arm-none-eabi/lib/thumb/v7e-m+fp/hard\libg.a(lib_a-lock.o)
 .ARM.attributes
                0x000004bd       0x34 c:/gcc-arm-none-eabi-10-2020-q4-major/bin/../lib/gcc/arm-none-eabi/10.2.1/../../../../arm-none-eabi/lib/thumb/v7e-m+fp/hard\libg.a(lib_a-__atexit.o)
 .ARM.attributes
                0x000004f1       0x1e c:/gcc-arm-none-eabi-10-2020-q4-major/bin/../lib/gcc/arm-none-eabi/10.2.1/thumb/v7e-m+fp/hard/crtn.o
OUTPUT(source.elf elf32-littlearm)
LOAD linker stubs
LOAD c:/gcc-arm-none-eabi-10-2020-q4-major/bin/../lib/gcc/arm-none-eabi/10.2.1/../../../../arm-none-eabi/lib/thumb/v7e-m+fp/hard\libc.a
LOAD c:/gcc-arm-none-eabi-10-2020-q4-major/bin/../lib/gcc/arm-none-eabi/10.2.1/../../../../arm-none-eabi/lib/thumb/v7e-m+fp/hard\libm.a
LOAD c:/gcc-arm-none-eabi-10-2020-q4-major/bin/../lib/gcc/arm-none-eabi/10.2.1/thumb/v7e-m+fp/hard\libgcc.a

.debug_info     0x00000000     0xab04
 .debug_info    0x00000000      0x30a CMakeFiles/source.elf.dir/Core/Src/gpio.c.obj
 .debug_info    0x0000030a      0xbe5 CMakeFiles/source.elf.dir/Core/Src/main.c.obj
 .debug_info    0x00000eef      0x2d0 CMakeFiles/source.elf.dir/Core/Src/stm32f4xx_hal_msp.c.obj
 .debug_info    0x000011bf      0x12f CMakeFiles/source.elf.dir/Core/Src/stm32f4xx_it.c.obj
 .debug_info    0x000012ee      0x564 CMakeFiles/source.elf.dir/Core/Src/system_stm32f4xx.c.obj
 .debug_info    0x00001852      0xddd CMakeFiles/source.elf.dir/Core/Src/tim.c.obj
 .debug_info    0x0000262f       0x22 CMakeFiles/source.elf.dir/Core/Startup/startup_stm32f411ceux.s.obj
 .debug_info    0x00002651      0x982 CMakeFiles/source.elf.dir/Drivers/STM32F4xx_HAL_Driver/Src/stm32f4xx_hal.c.obj
 .debug_info    0x00002fd3     0x1008 CMakeFiles/source.elf.dir/Drivers/STM32F4xx_HAL_Driver/Src/stm32f4xx_hal_cortex.c.obj
 .debug_info    0x00003fdb      0x7d4 CMakeFiles/source.elf.dir/Drivers/STM32F4xx_HAL_Driver/Src/stm32f4xx_hal_gpio.c.obj
 .debug_info    0x000047af      0xb2b CMakeFiles/source.elf.dir/Drivers/STM32F4xx_HAL_Driver/Src/stm32f4xx_hal_rcc.c.obj
 .debug_info    0x000052da     0x3d54 CMakeFiles/source.elf.dir/Drivers/STM32F4xx_HAL_Driver/Src/stm32f4xx_hal_tim.c.obj
 .debug_info    0x0000902e     0x1ad6 CMakeFiles/source.elf.dir/Drivers/STM32F4xx_HAL_Driver/Src/stm32f4xx_hal_tim_ex.c.obj

.debug_abbrev   0x00000000     0x161d
 .debug_abbrev  0x00000000       0xd1 CMakeFiles/source.elf.dir/Core/Src/gpio.c.obj
 .debug_abbrev  0x000000d1      0x219 CMakeFiles/source.elf.dir/Core/Src/main.c.obj
 .debug_abbrev  0x000002ea       0xd1 CMakeFiles/source.elf.dir/Core/Src/stm32f4xx_hal_msp.c.obj
 .debug_abbrev  0x000003bb       0x7e CMakeFiles/source.elf.dir/Core/Src/stm32f4xx_it.c.obj
 .debug_abbrev  0x00000439      0x119 CMakeFiles/source.elf.dir/Core/Src/system_stm32f4xx.c.obj
 .debug_abbrev  0x00000552      0x211 CMakeFiles/source.elf.dir/Core/Src/tim.c.obj
 .debug_abbrev  0x00000763       0x12 CMakeFiles/source.elf.dir/Core/Startup/startup_stm32f411ceux.s.obj
 .debug_abbrev  0x00000775      0x237 CMakeFiles/source.elf.dir/Drivers/STM32F4xx_HAL_Driver/Src/stm32f4xx_hal.c.obj
 .debug_abbrev  0x000009ac      0x36a CMakeFiles/source.elf.dir/Drivers/STM32F4xx_HAL_Driver/Src/stm32f4xx_hal_cortex.c.obj
 .debug_abbrev  0x00000d16      0x1ef CMakeFiles/source.elf.dir/Drivers/STM32F4xx_HAL_Driver/Src/stm32f4xx_hal_gpio.c.obj
 .debug_abbrev  0x00000f05      0x28a CMakeFiles/source.elf.dir/Drivers/STM32F4xx_HAL_Driver/Src/stm32f4xx_hal_rcc.c.obj
 .debug_abbrev  0x0000118f      0x23c CMakeFiles/source.elf.dir/Drivers/STM32F4xx_HAL_Driver/Src/stm32f4xx_hal_tim.c.obj
 .debug_abbrev  0x000013cb      0x252 CMakeFiles/source.elf.dir/Drivers/STM32F4xx_HAL_Driver/Src/stm32f4xx_hal_tim_ex.c.obj

.debug_aranges  0x00000000      0x908
 .debug_aranges
                0x00000000       0x20 CMakeFiles/source.elf.dir/Core/Src/gpio.c.obj
 .debug_aranges
                0x00000020       0x30 CMakeFiles/source.elf.dir/Core/Src/main.c.obj
 .debug_aranges
                0x00000050       0x20 CMakeFiles/source.elf.dir/Core/Src/stm32f4xx_hal_msp.c.obj
 .debug_aranges
                0x00000070       0x60 CMakeFiles/source.elf.dir/Core/Src/stm32f4xx_it.c.obj
 .debug_aranges
                0x000000d0       0x28 CMakeFiles/source.elf.dir/Core/Src/system_stm32f4xx.c.obj
 .debug_aranges
                0x000000f8       0x38 CMakeFiles/source.elf.dir/Core/Src/tim.c.obj
 .debug_aranges
                0x00000130       0x28 CMakeFiles/source.elf.dir/Core/Startup/startup_stm32f411ceux.s.obj
 .debug_aranges
                0x00000158       0xf0 CMakeFiles/source.elf.dir/Drivers/STM32F4xx_HAL_Driver/Src/stm32f4xx_hal.c.obj
 .debug_aranges
                0x00000248       0xa8 CMakeFiles/source.elf.dir/Drivers/STM32F4xx_HAL_Driver/Src/stm32f4xx_hal_cortex.c.obj
 .debug_aranges
                0x000002f0       0x58 CMakeFiles/source.elf.dir/Drivers/STM32F4xx_HAL_Driver/Src/stm32f4xx_hal_gpio.c.obj
 .debug_aranges
                0x00000348       0x88 CMakeFiles/source.elf.dir/Drivers/STM32F4xx_HAL_Driver/Src/stm32f4xx_hal_rcc.c.obj
 .debug_aranges
                0x000003d0      0x3d0 CMakeFiles/source.elf.dir/Drivers/STM32F4xx_HAL_Driver/Src/stm32f4xx_hal_tim.c.obj
 .debug_aranges
                0x000007a0      0x168 CMakeFiles/source.elf.dir/Drivers/STM32F4xx_HAL_Driver/Src/stm32f4xx_hal_tim_ex.c.obj

.debug_ranges   0x00000000      0x8b8
 .debug_ranges  0x00000000       0x10 CMakeFiles/source.elf.dir/Core/Src/gpio.c.obj
 .debug_ranges  0x00000010       0x20 CMakeFiles/source.elf.dir/Core/Src/main.c.obj
 .debug_ranges  0x00000030       0x10 CMakeFiles/source.elf.dir/Core/Src/stm32f4xx_hal_msp.c.obj
 .debug_ranges  0x00000040       0x50 CMakeFiles/source.elf.dir/Core/Src/stm32f4xx_it.c.obj
 .debug_ranges  0x00000090       0x18 CMakeFiles/source.elf.dir/Core/Src/system_stm32f4xx.c.obj
 .debug_ranges  0x000000a8       0x28 CMakeFiles/source.elf.dir/Core/Src/tim.c.obj
 .debug_ranges  0x000000d0       0x20 CMakeFiles/source.elf.dir/Core/Startup/startup_stm32f411ceux.s.obj
 .debug_ranges  0x000000f0       0xe0 CMakeFiles/source.elf.dir/Drivers/STM32F4xx_HAL_Driver/Src/stm32f4xx_hal.c.obj
 .debug_ranges  0x000001d0       0xf8 CMakeFiles/source.elf.dir/Drivers/STM32F4xx_HAL_Driver/Src/stm32f4xx_hal_cortex.c.obj
 .debug_ranges  0x000002c8       0x48 CMakeFiles/source.elf.dir/Drivers/STM32F4xx_HAL_Driver/Src/stm32f4xx_hal_gpio.c.obj
 .debug_ranges  0x00000310       0x90 CMakeFiles/source.elf.dir/Drivers/STM32F4xx_HAL_Driver/Src/stm32f4xx_hal_rcc.c.obj
 .debug_ranges  0x000003a0      0x3c0 CMakeFiles/source.elf.dir/Drivers/STM32F4xx_HAL_Driver/Src/stm32f4xx_hal_tim.c.obj
 .debug_ranges  0x00000760      0x158 CMakeFiles/source.elf.dir/Drivers/STM32F4xx_HAL_Driver/Src/stm32f4xx_hal_tim_ex.c.obj

.debug_line     0x00000000     0x99a3
 .debug_line    0x00000000      0x1a1 CMakeFiles/source.elf.dir/Core/Src/gpio.c.obj
 .debug_line    0x000001a1      0x466 CMakeFiles/source.elf.dir/Core/Src/main.c.obj
 .debug_line    0x00000607      0x1a3 CMakeFiles/source.elf.dir/Core/Src/stm32f4xx_hal_msp.c.obj
 .debug_line    0x000007aa      0x1d9 CMakeFiles/source.elf.dir/Core/Src/stm32f4xx_it.c.obj
 .debug_line    0x00000983      0x2c9 CMakeFiles/source.elf.dir/Core/Src/system_stm32f4xx.c.obj
 .debug_line    0x00000c4c      0x49a CMakeFiles/source.elf.dir/Core/Src/tim.c.obj
 .debug_line    0x000010e6       0xb6 CMakeFiles/source.elf.dir/Core/Startup/startup_stm32f411ceux.s.obj
 .debug_line    0x0000119c      0x60f CMakeFiles/source.elf.dir/Drivers/STM32F4xx_HAL_Driver/Src/stm32f4xx_hal.c.obj
 .debug_line    0x000017ab      0x822 CMakeFiles/source.elf.dir/Drivers/STM32F4xx_HAL_Driver/Src/stm32f4xx_hal_cortex.c.obj
 .debug_line    0x00001fcd      0x73c CMakeFiles/source.elf.dir/Drivers/STM32F4xx_HAL_Driver/Src/stm32f4xx_hal_gpio.c.obj
 .debug_line    0x00002709      0xb88 CMakeFiles/source.elf.dir/Drivers/STM32F4xx_HAL_Driver/Src/stm32f4xx_hal_rcc.c.obj
 .debug_line    0x00003291     0x4a33 CMakeFiles/source.elf.dir/Drivers/STM32F4xx_HAL_Driver/Src/stm32f4xx_hal_tim.c.obj
 .debug_line    0x00007cc4     0x1cdf CMakeFiles/source.elf.dir/Drivers/STM32F4xx_HAL_Driver/Src/stm32f4xx_hal_tim_ex.c.obj

.debug_str      0x00000000     0x31a5
 .debug_str     0x00000000      0x2e2 CMakeFiles/source.elf.dir/Core/Src/gpio.c.obj
                                0x324 (size before relaxing)
 .debug_str     0x000002e2      0x6e2 CMakeFiles/source.elf.dir/Core/Src/main.c.obj
                                0xa3a (size before relaxing)
 .debug_str     0x000009c4       0x5a CMakeFiles/source.elf.dir/Core/Src/stm32f4xx_hal_msp.c.obj
                                0x330 (size before relaxing)
 .debug_str     0x00000a1e       0xe5 CMakeFiles/source.elf.dir/Core/Src/stm32f4xx_it.c.obj
                                0x292 (size before relaxing)
 .debug_str     0x00000b03      0x109 CMakeFiles/source.elf.dir/Core/Src/system_stm32f4xx.c.obj
                                0x3ea (size before relaxing)
 .debug_str     0x00000c0c      0x2f2 CMakeFiles/source.elf.dir/Core/Src/tim.c.obj
                                0xb6c (size before relaxing)
 .debug_str     0x00000efe       0x64 CMakeFiles/source.elf.dir/Core/Startup/startup_stm32f411ceux.s.obj
                                 0xa7 (size before relaxing)
 .debug_str     0x00000f62      0x73a CMakeFiles/source.elf.dir/Drivers/STM32F4xx_HAL_Driver/Src/stm32f4xx_hal.c.obj
                                0xa77 (size before relaxing)
 .debug_str     0x0000169c      0x491 CMakeFiles/source.elf.dir/Drivers/STM32F4xx_HAL_Driver/Src/stm32f4xx_hal_cortex.c.obj
                                0xb37 (size before relaxing)
 .debug_str     0x00001b2d      0x194 CMakeFiles/source.elf.dir/Drivers/STM32F4xx_HAL_Driver/Src/stm32f4xx_hal_gpio.c.obj
                                0x555 (size before relaxing)
 .debug_str     0x00001cc1      0x1d2 CMakeFiles/source.elf.dir/Drivers/STM32F4xx_HAL_Driver/Src/stm32f4xx_hal_rcc.c.obj
                                0x77b (size before relaxing)
 .debug_str     0x00001e93      0xe72 CMakeFiles/source.elf.dir/Drivers/STM32F4xx_HAL_Driver/Src/stm32f4xx_hal_tim.c.obj
                               0x171c (size before relaxing)
 .debug_str     0x00002d05      0x4a0 CMakeFiles/source.elf.dir/Drivers/STM32F4xx_HAL_Driver/Src/stm32f4xx_hal_tim_ex.c.obj
                                0xf1d (size before relaxing)

.comment        0x00000000       0x4d
 .comment       0x00000000       0x4d CMakeFiles/source.elf.dir/Core/Src/gpio.c.obj
                                 0x4e (size before relaxing)
 .comment       0x0000004d       0x4e CMakeFiles/source.elf.dir/Core/Src/main.c.obj
 .comment       0x0000004d       0x4e CMakeFiles/source.elf.dir/Core/Src/stm32f4xx_hal_msp.c.obj
 .comment       0x0000004d       0x4e CMakeFiles/source.elf.dir/Core/Src/stm32f4xx_it.c.obj
 .comment       0x0000004d       0x4e CMakeFiles/source.elf.dir/Core/Src/system_stm32f4xx.c.obj
 .comment       0x0000004d       0x4e CMakeFiles/source.elf.dir/Core/Src/tim.c.obj
 .comment       0x0000004d       0x4e CMakeFiles/source.elf.dir/Drivers/STM32F4xx_HAL_Driver/Src/stm32f4xx_hal.c.obj
 .comment       0x0000004d       0x4e CMakeFiles/source.elf.dir/Drivers/STM32F4xx_HAL_Driver/Src/stm32f4xx_hal_cortex.c.obj
 .comment       0x0000004d       0x4e CMakeFiles/source.elf.dir/Drivers/STM32F4xx_HAL_Driver/Src/stm32f4xx_hal_gpio.c.obj
 .comment       0x0000004d       0x4e CMakeFiles/source.elf.dir/Drivers/STM32F4xx_HAL_Driver/Src/stm32f4xx_hal_rcc.c.obj
 .comment       0x0000004d       0x4e CMakeFiles/source.elf.dir/Drivers/STM32F4xx_HAL_Driver/Src/stm32f4xx_hal_tim.c.obj
 .comment       0x0000004d       0x4e CMakeFiles/source.elf.dir/Drivers/STM32F4xx_HAL_Driver/Src/stm32f4xx_hal_tim_ex.c.obj

.debug_frame    0x00000000     0x18f8
 .debug_frame   0x00000000       0x28 CMakeFiles/source.elf.dir/Core/Src/gpio.c.obj
 .debug_frame   0x00000028       0x58 CMakeFiles/source.elf.dir/Core/Src/main.c.obj
 .debug_frame   0x00000080       0x28 CMakeFiles/source.elf.dir/Core/Src/stm32f4xx_hal_msp.c.obj
 .debug_frame   0x000000a8       0xa8 CMakeFiles/source.elf.dir/Core/Src/stm32f4xx_it.c.obj
 .debug_frame   0x00000150       0x30 CMakeFiles/source.elf.dir/Core/Src/system_stm32f4xx.c.obj
 .debug_frame   0x00000180       0x7c CMakeFiles/source.elf.dir/Core/Src/tim.c.obj
 .debug_frame   0x000001fc      0x1ec CMakeFiles/source.elf.dir/Drivers/STM32F4xx_HAL_Driver/Src/stm32f4xx_hal.c.obj
 .debug_frame   0x000003e8      0x148 CMakeFiles/source.elf.dir/Drivers/STM32F4xx_HAL_Driver/Src/stm32f4xx_hal_cortex.c.obj
 .debug_frame   0x00000530       0xd8 CMakeFiles/source.elf.dir/Drivers/STM32F4xx_HAL_Driver/Src/stm32f4xx_hal_gpio.c.obj
 .debug_frame   0x00000608      0x16c CMakeFiles/source.elf.dir/Drivers/STM32F4xx_HAL_Driver/Src/stm32f4xx_hal_rcc.c.obj
 .debug_frame   0x00000774      0xb20 CMakeFiles/source.elf.dir/Drivers/STM32F4xx_HAL_Driver/Src/stm32f4xx_hal_tim.c.obj
 .debug_frame   0x00001294      0x40c CMakeFiles/source.elf.dir/Drivers/STM32F4xx_HAL_Driver/Src/stm32f4xx_hal_tim_ex.c.obj
 .debug_frame   0x000016a0       0x2c c:/gcc-arm-none-eabi-10-2020-q4-major/bin/../lib/gcc/arm-none-eabi/10.2.1/thumb/v7e-m+fp/hard\libgcc.a(_aeabi_uldivmod.o)
 .debug_frame   0x000016cc       0x34 c:/gcc-arm-none-eabi-10-2020-q4-major/bin/../lib/gcc/arm-none-eabi/10.2.1/thumb/v7e-m+fp/hard\libgcc.a(_udivmoddi4.o)
 .debug_frame   0x00001700       0x2c c:/gcc-arm-none-eabi-10-2020-q4-major/bin/../lib/gcc/arm-none-eabi/10.2.1/../../../../arm-none-eabi/lib/thumb/v7e-m+fp/hard\libg.a(lib_a-init.o)
 .debug_frame   0x0000172c       0x2c c:/gcc-arm-none-eabi-10-2020-q4-major/bin/../lib/gcc/arm-none-eabi/10.2.1/../../../../arm-none-eabi/lib/thumb/v7e-m+fp/hard\libg.a(lib_a-memset.o)
 .debug_frame   0x00001758       0x68 c:/gcc-arm-none-eabi-10-2020-q4-major/bin/../lib/gcc/arm-none-eabi/10.2.1/../../../../arm-none-eabi/lib/thumb/v7e-m+fp/hard\libg.a(lib_a-__call_atexit.o)
 .debug_frame   0x000017c0       0x20 c:/gcc-arm-none-eabi-10-2020-q4-major/bin/../lib/gcc/arm-none-eabi/10.2.1/../../../../arm-none-eabi/lib/thumb/v7e-m+fp/hard\libg.a(lib_a-atexit.o)
 .debug_frame   0x000017e0       0x34 c:/gcc-arm-none-eabi-10-2020-q4-major/bin/../lib/gcc/arm-none-eabi/10.2.1/../../../../arm-none-eabi/lib/thumb/v7e-m+fp/hard\libg.a(lib_a-fini.o)
 .debug_frame   0x00001814       0xb0 c:/gcc-arm-none-eabi-10-2020-q4-major/bin/../lib/gcc/arm-none-eabi/10.2.1/../../../../arm-none-eabi/lib/thumb/v7e-m+fp/hard\libg.a(lib_a-lock.o)
 .debug_frame   0x000018c4       0x34 c:/gcc-arm-none-eabi-10-2020-q4-major/bin/../lib/gcc/arm-none-eabi/10.2.1/../../../../arm-none-eabi/lib/thumb/v7e-m+fp/hard\libg.a(lib_a-__atexit.o)

.debug_loc      0x00000000     0x82da
 .debug_loc     0x00000000      0x158 CMakeFiles/source.elf.dir/Core/Src/system_stm32f4xx.c.obj
 .debug_loc     0x00000158       0x42 CMakeFiles/source.elf.dir/Core/Src/tim.c.obj
 .debug_loc     0x0000019a      0x141 CMakeFiles/source.elf.dir/Drivers/STM32F4xx_HAL_Driver/Src/stm32f4xx_hal.c.obj
 .debug_loc     0x000002db      0x744 CMakeFiles/source.elf.dir/Drivers/STM32F4xx_HAL_Driver/Src/stm32f4xx_hal_cortex.c.obj
 .debug_loc     0x00000a1f      0x520 CMakeFiles/source.elf.dir/Drivers/STM32F4xx_HAL_Driver/Src/stm32f4xx_hal_gpio.c.obj
 .debug_loc     0x00000f3f      0x58c CMakeFiles/source.elf.dir/Drivers/STM32F4xx_HAL_Driver/Src/stm32f4xx_hal_rcc.c.obj
 .debug_loc     0x000014cb     0x5138 CMakeFiles/source.elf.dir/Drivers/STM32F4xx_HAL_Driver/Src/stm32f4xx_hal_tim.c.obj
 .debug_loc     0x00006603     0x1cd7 CMakeFiles/source.elf.dir/Drivers/STM32F4xx_HAL_Driver/Src/stm32f4xx_hal_tim_ex.c.obj
