Archive member included to satisfy reference by file (symbol)

c:/gcc-arm-none-eabi-10-2020-q4-major/bin/../lib/gcc/arm-none-eabi/10.2.1/thumb/v7-m/nofp\libgcc.a(_arm_mulsf3.o)
                              CMakeFiles/source.elf.dir/Core/Src/stepMotor.c.obj (__aeabi_fmul)
c:/gcc-arm-none-eabi-10-2020-q4-major/bin/../lib/gcc/arm-none-eabi/10.2.1/thumb/v7-m/nofp\libgcc.a(_arm_addsubdf3.o)
                              CMakeFiles/source.elf.dir/Core/Src/stepMotor.c.obj (__aeabi_dsub)
c:/gcc-arm-none-eabi-10-2020-q4-major/bin/../lib/gcc/arm-none-eabi/10.2.1/thumb/v7-m/nofp\libgcc.a(_arm_muldivdf3.o)
                              CMakeFiles/source.elf.dir/Core/Src/stepMotor.c.obj (__aeabi_ddiv)
c:/gcc-arm-none-eabi-10-2020-q4-major/bin/../lib/gcc/arm-none-eabi/10.2.1/thumb/v7-m/nofp\libgcc.a(_arm_cmpdf2.o)
                              CMakeFiles/source.elf.dir/Core/Src/stepMotor.c.obj (__aeabi_dcmplt)
c:/gcc-arm-none-eabi-10-2020-q4-major/bin/../lib/gcc/arm-none-eabi/10.2.1/thumb/v7-m/nofp\libgcc.a(_arm_truncdfsf2.o)
                              CMakeFiles/source.elf.dir/Core/Src/stepMotor.c.obj (__aeabi_d2f)
c:/gcc-arm-none-eabi-10-2020-q4-major/bin/../lib/gcc/arm-none-eabi/10.2.1/thumb/v7-m/nofp\libgcc.a(_arm_addsubsf3.o)
                              CMakeFiles/source.elf.dir/Core/Src/stepMotor.c.obj (__aeabi_fsub)
c:/gcc-arm-none-eabi-10-2020-q4-major/bin/../lib/gcc/arm-none-eabi/10.2.1/thumb/v7-m/nofp\libgcc.a(_arm_muldivsf3.o)
                              CMakeFiles/source.elf.dir/Core/Src/stepMotor.c.obj (__aeabi_fdiv)
c:/gcc-arm-none-eabi-10-2020-q4-major/bin/../lib/gcc/arm-none-eabi/10.2.1/thumb/v7-m/nofp\libgcc.a(_arm_cmpsf2.o)
                              CMakeFiles/source.elf.dir/Core/Src/stepMotor.c.obj (__aeabi_fcmplt)
c:/gcc-arm-none-eabi-10-2020-q4-major/bin/../lib/gcc/arm-none-eabi/10.2.1/../../../../arm-none-eabi/lib/thumb/v7-m/nofp\libg.a(lib_a-errno.o)
                              CMakeFiles/source.elf.dir/Core/Src/syscalls.c.obj (__errno)
c:/gcc-arm-none-eabi-10-2020-q4-major/bin/../lib/gcc/arm-none-eabi/10.2.1/../../../../arm-none-eabi/lib/thumb/v7-m/nofp\libg.a(lib_a-exit.o)
                              c:/gcc-arm-none-eabi-10-2020-q4-major/bin/../lib/gcc/arm-none-eabi/10.2.1/../../../../arm-none-eabi/lib/thumb/v7-m/nofp/crt0.o (exit)
c:/gcc-arm-none-eabi-10-2020-q4-major/bin/../lib/gcc/arm-none-eabi/10.2.1/../../../../arm-none-eabi/lib/thumb/v7-m/nofp\libg.a(lib_a-impure.o)
                              c:/gcc-arm-none-eabi-10-2020-q4-major/bin/../lib/gcc/arm-none-eabi/10.2.1/../../../../arm-none-eabi/lib/thumb/v7-m/nofp\libg.a(lib_a-exit.o) (_global_impure_ptr)
c:/gcc-arm-none-eabi-10-2020-q4-major/bin/../lib/gcc/arm-none-eabi/10.2.1/../../../../arm-none-eabi/lib/thumb/v7-m/nofp\libg.a(lib_a-init.o)
                              c:/gcc-arm-none-eabi-10-2020-q4-major/bin/../lib/gcc/arm-none-eabi/10.2.1/../../../../arm-none-eabi/lib/thumb/v7-m/nofp/crt0.o (__libc_init_array)
c:/gcc-arm-none-eabi-10-2020-q4-major/bin/../lib/gcc/arm-none-eabi/10.2.1/../../../../arm-none-eabi/lib/thumb/v7-m/nofp\libg.a(lib_a-memset.o)
                              c:/gcc-arm-none-eabi-10-2020-q4-major/bin/../lib/gcc/arm-none-eabi/10.2.1/../../../../arm-none-eabi/lib/thumb/v7-m/nofp/crt0.o (memset)
c:/gcc-arm-none-eabi-10-2020-q4-major/bin/../lib/gcc/arm-none-eabi/10.2.1/../../../../arm-none-eabi/lib/thumb/v7-m/nofp\libg.a(lib_a-__call_atexit.o)
                              c:/gcc-arm-none-eabi-10-2020-q4-major/bin/../lib/gcc/arm-none-eabi/10.2.1/../../../../arm-none-eabi/lib/thumb/v7-m/nofp\libg.a(lib_a-exit.o) (__call_exitprocs)
c:/gcc-arm-none-eabi-10-2020-q4-major/bin/../lib/gcc/arm-none-eabi/10.2.1/../../../../arm-none-eabi/lib/thumb/v7-m/nofp\libg.a(lib_a-atexit.o)
                              c:/gcc-arm-none-eabi-10-2020-q4-major/bin/../lib/gcc/arm-none-eabi/10.2.1/../../../../arm-none-eabi/lib/thumb/v7-m/nofp\libg.a(lib_a-__call_atexit.o) (atexit)
c:/gcc-arm-none-eabi-10-2020-q4-major/bin/../lib/gcc/arm-none-eabi/10.2.1/../../../../arm-none-eabi/lib/thumb/v7-m/nofp\libg.a(lib_a-fini.o)
                              c:/gcc-arm-none-eabi-10-2020-q4-major/bin/../lib/gcc/arm-none-eabi/10.2.1/../../../../arm-none-eabi/lib/thumb/v7-m/nofp\libg.a(lib_a-__call_atexit.o) (__libc_fini_array)
c:/gcc-arm-none-eabi-10-2020-q4-major/bin/../lib/gcc/arm-none-eabi/10.2.1/../../../../arm-none-eabi/lib/thumb/v7-m/nofp\libg.a(lib_a-lock.o)
                              c:/gcc-arm-none-eabi-10-2020-q4-major/bin/../lib/gcc/arm-none-eabi/10.2.1/../../../../arm-none-eabi/lib/thumb/v7-m/nofp\libg.a(lib_a-__call_atexit.o) (__retarget_lock_acquire_recursive)
c:/gcc-arm-none-eabi-10-2020-q4-major/bin/../lib/gcc/arm-none-eabi/10.2.1/../../../../arm-none-eabi/lib/thumb/v7-m/nofp\libg.a(lib_a-__atexit.o)
                              c:/gcc-arm-none-eabi-10-2020-q4-major/bin/../lib/gcc/arm-none-eabi/10.2.1/../../../../arm-none-eabi/lib/thumb/v7-m/nofp\libg.a(lib_a-atexit.o) (__register_exitproc)

Discarded input sections

[...]
Memory Configuration

Name             Origin             Length             Attributes
RAM              0x20000000         0x00005000         xrw
FLASH            0x08000000         0x00010000         xr
*default*        0x00000000         0xffffffff

Linker script and memory map

LOAD c:/gcc-arm-none-eabi-10-2020-q4-major/bin/../lib/gcc/arm-none-eabi/10.2.1/thumb/v7-m/nofp/crti.o
LOAD c:/gcc-arm-none-eabi-10-2020-q4-major/bin/../lib/gcc/arm-none-eabi/10.2.1/thumb/v7-m/nofp/crtbegin.o
LOAD c:/gcc-arm-none-eabi-10-2020-q4-major/bin/../lib/gcc/arm-none-eabi/10.2.1/../../../../arm-none-eabi/lib/thumb/v7-m/nofp/crt0.o
LOAD CMakeFiles/source.elf.dir/Core/Src/gpio.c.obj
LOAD CMakeFiles/source.elf.dir/Core/Src/main.c.obj
LOAD CMakeFiles/source.elf.dir/Core/Src/stepMotor.c.obj
LOAD CMakeFiles/source.elf.dir/Core/Src/stepMotor_data.c.obj
LOAD CMakeFiles/source.elf.dir/Core/Src/stm32f1xx_hal_msp.c.obj
LOAD CMakeFiles/source.elf.dir/Core/Src/stm32f1xx_it.c.obj
LOAD CMakeFiles/source.elf.dir/Core/Src/syscalls.c.obj
LOAD CMakeFiles/source.elf.dir/Core/Src/sysmem.c.obj
LOAD CMakeFiles/source.elf.dir/Core/Src/system_stm32f1xx.c.obj
LOAD CMakeFiles/source.elf.dir/Core/Startup/startup_stm32f103c8tx.s.obj
LOAD CMakeFiles/source.elf.dir/Drivers/STM32F1xx_HAL_Driver/Src/stm32f1xx_hal.c.obj
LOAD CMakeFiles/source.elf.dir/Drivers/STM32F1xx_HAL_Driver/Src/stm32f1xx_hal_cortex.c.obj
LOAD CMakeFiles/source.elf.dir/Drivers/STM32F1xx_HAL_Driver/Src/stm32f1xx_hal_dma.c.obj
LOAD CMakeFiles/source.elf.dir/Drivers/STM32F1xx_HAL_Driver/Src/stm32f1xx_hal_exti.c.obj
LOAD CMakeFiles/source.elf.dir/Drivers/STM32F1xx_HAL_Driver/Src/stm32f1xx_hal_flash.c.obj
LOAD CMakeFiles/source.elf.dir/Drivers/STM32F1xx_HAL_Driver/Src/stm32f1xx_hal_flash_ex.c.obj
LOAD CMakeFiles/source.elf.dir/Drivers/STM32F1xx_HAL_Driver/Src/stm32f1xx_hal_gpio.c.obj
LOAD CMakeFiles/source.elf.dir/Drivers/STM32F1xx_HAL_Driver/Src/stm32f1xx_hal_gpio_ex.c.obj
LOAD CMakeFiles/source.elf.dir/Drivers/STM32F1xx_HAL_Driver/Src/stm32f1xx_hal_pwr.c.obj
LOAD CMakeFiles/source.elf.dir/Drivers/STM32F1xx_HAL_Driver/Src/stm32f1xx_hal_rcc.c.obj
LOAD CMakeFiles/source.elf.dir/Drivers/STM32F1xx_HAL_Driver/Src/stm32f1xx_hal_rcc_ex.c.obj
LOAD CMakeFiles/source.elf.dir/Drivers/STM32F1xx_HAL_Driver/Src/stm32f1xx_hal_tim.c.obj
LOAD CMakeFiles/source.elf.dir/Drivers/STM32F1xx_HAL_Driver/Src/stm32f1xx_hal_tim_ex.c.obj
START GROUP
LOAD c:/gcc-arm-none-eabi-10-2020-q4-major/bin/../lib/gcc/arm-none-eabi/10.2.1/thumb/v7-m/nofp\libgcc.a
LOAD c:/gcc-arm-none-eabi-10-2020-q4-major/bin/../lib/gcc/arm-none-eabi/10.2.1/../../../../arm-none-eabi/lib/thumb/v7-m/nofp\libg.a
LOAD c:/gcc-arm-none-eabi-10-2020-q4-major/bin/../lib/gcc/arm-none-eabi/10.2.1/../../../../arm-none-eabi/lib/thumb/v7-m/nofp\libc.a
END GROUP
LOAD c:/gcc-arm-none-eabi-10-2020-q4-major/bin/../lib/gcc/arm-none-eabi/10.2.1/thumb/v7-m/nofp/crtend.o
LOAD c:/gcc-arm-none-eabi-10-2020-q4-major/bin/../lib/gcc/arm-none-eabi/10.2.1/thumb/v7-m/nofp/crtn.o
                0x20005000                _estack = (ORIGIN (RAM) + LENGTH (RAM))
                0x00000200                _Min_Heap_Size = 0x200
                0x00000400                _Min_Stack_Size = 0x400

.isr_vector     0x08000000      0x10c
                0x08000000                . = ALIGN (0x4)
 *(.isr_vector)
 .isr_vector    0x08000000      0x10c CMakeFiles/source.elf.dir/Core/Startup/startup_stm32f103c8tx.s.obj
                0x08000000                g_pfnVectors
                0x0800010c                . = ALIGN (0x4)

.text           0x0800010c     0x278c
                0x0800010c                . = ALIGN (0x4)
 *(.text)
 .text          0x0800010c       0x40 c:/gcc-arm-none-eabi-10-2020-q4-major/bin/../lib/gcc/arm-none-eabi/10.2.1/thumb/v7-m/nofp/crtbegin.o
 .text          0x0800014c      0x378 c:/gcc-arm-none-eabi-10-2020-q4-major/bin/../lib/gcc/arm-none-eabi/10.2.1/thumb/v7-m/nofp\libgcc.a(_arm_addsubdf3.o)
                0x0800014c                __aeabi_drsub
                0x08000154                __aeabi_dsub
                0x08000154                __subdf3
                0x08000158                __aeabi_dadd
                0x08000158                __adddf3
                0x080003d0                __floatunsidf
                0x080003d0                __aeabi_ui2d
                0x080003f0                __floatsidf
                0x080003f0                __aeabi_i2d
                0x08000414                __aeabi_f2d
                0x08000414                __extendsfdf2
                0x08000458                __floatundidf
                0x08000458                __aeabi_ul2d
                0x08000468                __floatdidf
                0x08000468                __aeabi_l2d
 .text          0x080004c4      0x424 c:/gcc-arm-none-eabi-10-2020-q4-major/bin/../lib/gcc/arm-none-eabi/10.2.1/thumb/v7-m/nofp\libgcc.a(_arm_muldivdf3.o)
                0x080004c4                __aeabi_dmul
                0x080004c4                __muldf3
                0x08000718                __divdf3
                0x08000718                __aeabi_ddiv
 .text          0x080008e8      0x110 c:/gcc-arm-none-eabi-10-2020-q4-major/bin/../lib/gcc/arm-none-eabi/10.2.1/thumb/v7-m/nofp\libgcc.a(_arm_cmpdf2.o)
                0x080008e8                __gtdf2
                0x080008e8                __gedf2
                0x080008f0                __ltdf2
                0x080008f0                __ledf2
                0x080008f8                __nedf2
                0x080008f8                __eqdf2
                0x080008f8                __cmpdf2
                0x08000974                __aeabi_cdrcmple
                0x08000984                __aeabi_cdcmpeq
                0x08000984                __aeabi_cdcmple
                0x08000994                __aeabi_dcmpeq
                0x080009a8                __aeabi_dcmplt
                0x080009bc                __aeabi_dcmple
                0x080009d0                __aeabi_dcmpge
                0x080009e4                __aeabi_dcmpgt
 .text          0x080009f8       0xa0 c:/gcc-arm-none-eabi-10-2020-q4-major/bin/../lib/gcc/arm-none-eabi/10.2.1/thumb/v7-m/nofp\libgcc.a(_arm_truncdfsf2.o)
                0x080009f8                __truncdfsf2
                0x080009f8                __aeabi_d2f
 .text          0x08000a98      0x21c c:/gcc-arm-none-eabi-10-2020-q4-major/bin/../lib/gcc/arm-none-eabi/10.2.1/thumb/v7-m/nofp\libgcc.a(_arm_addsubsf3.o)
                0x08000a98                __aeabi_frsub
                0x08000aa0                __subsf3
                0x08000aa0                __aeabi_fsub
                0x08000aa4                __aeabi_fadd
                0x08000aa4                __addsf3
                0x08000c04                __aeabi_ui2f
                0x08000c04                __floatunsisf
                0x08000c0c                __aeabi_i2f
                0x08000c0c                __floatsisf
                0x08000c28                __aeabi_ul2f
                0x08000c28                __floatundisf
                0x08000c38                __aeabi_l2f
                0x08000c38                __floatdisf
 .text          0x08000cb4      0x2a0 c:/gcc-arm-none-eabi-10-2020-q4-major/bin/../lib/gcc/arm-none-eabi/10.2.1/thumb/v7-m/nofp\libgcc.a(_arm_muldivsf3.o)
                0x08000cb4                __mulsf3
                0x08000cb4                __aeabi_fmul
                0x08000e1c                __aeabi_fdiv
                0x08000e1c                __divsf3
 .text          0x08000f54       0xec c:/gcc-arm-none-eabi-10-2020-q4-major/bin/../lib/gcc/arm-none-eabi/10.2.1/thumb/v7-m/nofp\libgcc.a(_arm_cmpsf2.o)
                0x08000f54                __gesf2
                0x08000f54                __gtsf2
                0x08000f5c                __lesf2
                0x08000f5c                __ltsf2
                0x08000f64                __nesf2
                0x08000f64                __eqsf2
                0x08000f64                __cmpsf2
                0x08000fc4                __aeabi_cfrcmple
                0x08000fcc                __aeabi_cfcmpeq
                0x08000fcc                __aeabi_cfcmple
                0x08000fdc                __aeabi_fcmpeq
                0x08000ff0                __aeabi_fcmplt
                0x08001004                __aeabi_fcmple
                0x08001018                __aeabi_fcmpge
                0x0800102c                __aeabi_fcmpgt
 *(.text*)
 .text.MX_GPIO_Init
                0x08001040       0xc8 CMakeFiles/source.elf.dir/Core/Src/gpio.c.obj
                0x08001040                MX_GPIO_Init
 .text.readVal  0x08001108       0x10 CMakeFiles/source.elf.dir/Core/Src/main.c.obj
 .text.GetTimeStampUS
                0x08001118       0x2e CMakeFiles/source.elf.dir/Core/Src/main.c.obj
 *fill*         0x08001146        0x2 
 .text.saveValue
                0x08001148       0x38 CMakeFiles/source.elf.dir/Core/Src/main.c.obj
 .text.Error_Handler
                0x08001180        0x4 CMakeFiles/source.elf.dir/Core/Src/main.c.obj
                0x08001180                Error_Handler
 .text.SystemClock_Config
                0x08001184       0x64 CMakeFiles/source.elf.dir/Core/Src/main.c.obj
                0x08001184                SystemClock_Config
 .text.main     0x080011e8       0xac CMakeFiles/source.elf.dir/Core/Src/main.c.obj
                0x080011e8                main
 .text.look1_iflf_binlcapw
                0x08001294       0xaa CMakeFiles/source.elf.dir/Core/Src/stepMotor.c.obj
                0x08001294                look1_iflf_binlcapw
 .text.MWDSP_EPH_R_B
                0x0800133e       0x90 CMakeFiles/source.elf.dir/Core/Src/stepMotor.c.obj
                0x0800133e                MWDSP_EPH_R_B
 .text.MWDSP_EPH_F_B
                0x080013ce       0x86 CMakeFiles/source.elf.dir/Core/Src/stepMotor.c.obj
                0x080013ce                MWDSP_EPH_F_B
 .text.stepMotor_step
                0x08001454      0x538 CMakeFiles/source.elf.dir/Core/Src/stepMotor.c.obj
                0x08001454                stepMotor_step
 .text.stepMotor_initialize
                0x0800198c       0x18 CMakeFiles/source.elf.dir/Core/Src/stepMotor.c.obj
                0x0800198c                stepMotor_initialize
 .text.HAL_MspInit
                0x080019a4       0x44 CMakeFiles/source.elf.dir/Core/Src/stm32f1xx_hal_msp.c.obj
                0x080019a4                HAL_MspInit
 .text.NMI_Handler
                0x080019e8        0x2 CMakeFiles/source.elf.dir/Core/Src/stm32f1xx_it.c.obj
                0x080019e8                NMI_Handler
 .text.HardFault_Handler
                0x080019ea        0x2 CMakeFiles/source.elf.dir/Core/Src/stm32f1xx_it.c.obj
                0x080019ea                HardFault_Handler
 .text.MemManage_Handler
                0x080019ec        0x2 CMakeFiles/source.elf.dir/Core/Src/stm32f1xx_it.c.obj
                0x080019ec                MemManage_Handler
 .text.BusFault_Handler
                0x080019ee        0x2 CMakeFiles/source.elf.dir/Core/Src/stm32f1xx_it.c.obj
                0x080019ee                BusFault_Handler
 .text.UsageFault_Handler
                0x080019f0        0x2 CMakeFiles/source.elf.dir/Core/Src/stm32f1xx_it.c.obj
                0x080019f0                UsageFault_Handler
 .text.SVC_Handler
                0x080019f2        0x2 CMakeFiles/source.elf.dir/Core/Src/stm32f1xx_it.c.obj
                0x080019f2                SVC_Handler
 .text.DebugMon_Handler
                0x080019f4        0x2 CMakeFiles/source.elf.dir/Core/Src/stm32f1xx_it.c.obj
                0x080019f4                DebugMon_Handler
 .text.PendSV_Handler
                0x080019f6        0x2 CMakeFiles/source.elf.dir/Core/Src/stm32f1xx_it.c.obj
                0x080019f6                PendSV_Handler
 .text.SysTick_Handler
                0x080019f8        0x8 CMakeFiles/source.elf.dir/Core/Src/stm32f1xx_it.c.obj
                0x080019f8                SysTick_Handler
 .text.SystemInit
                0x08001a00        0x2 CMakeFiles/source.elf.dir/Core/Src/system_stm32f1xx.c.obj
                0x08001a00                SystemInit
 *fill*         0x08001a02        0x2 
 .text.Reset_Handler
                0x08001a04       0x48 CMakeFiles/source.elf.dir/Core/Startup/startup_stm32f103c8tx.s.obj
                0x08001a04                Reset_Handler
 .text.Default_Handler
                0x08001a4c        0x2 CMakeFiles/source.elf.dir/Core/Startup/startup_stm32f103c8tx.s.obj
                0x08001a4c                RTC_Alarm_IRQHandler
                0x08001a4c                EXTI2_IRQHandler
                0x08001a4c                TIM1_CC_IRQHandler
                0x08001a4c                PVD_IRQHandler
                0x08001a4c                EXTI3_IRQHandler
                0x08001a4c                EXTI0_IRQHandler
                0x08001a4c                I2C2_EV_IRQHandler
                0x08001a4c                ADC1_2_IRQHandler
                0x08001a4c                SPI1_IRQHandler
                0x08001a4c                TAMPER_IRQHandler
                0x08001a4c                DMA1_Channel4_IRQHandler
                0x08001a4c                USART3_IRQHandler
                0x08001a4c                RTC_IRQHandler
                0x08001a4c                DMA1_Channel7_IRQHandler
                0x08001a4c                CAN1_RX1_IRQHandler
                0x08001a4c                TIM4_IRQHandler
                0x08001a4c                I2C1_EV_IRQHandler
                0x08001a4c                DMA1_Channel6_IRQHandler
                0x08001a4c                TIM3_IRQHandler
                0x08001a4c                RCC_IRQHandler
                0x08001a4c                TIM1_TRG_COM_IRQHandler
                0x08001a4c                DMA1_Channel1_IRQHandler
                0x08001a4c                Default_Handler
                0x08001a4c                EXTI15_10_IRQHandler
                0x08001a4c                EXTI9_5_IRQHandler
                0x08001a4c                SPI2_IRQHandler
                0x08001a4c                DMA1_Channel5_IRQHandler
                0x08001a4c                EXTI4_IRQHandler
                0x08001a4c                USB_LP_CAN1_RX0_IRQHandler
                0x08001a4c                USB_HP_CAN1_TX_IRQHandler
                0x08001a4c                DMA1_Channel3_IRQHandler
                0x08001a4c                TIM1_UP_IRQHandler
                0x08001a4c                WWDG_IRQHandler
                0x08001a4c                TIM2_IRQHandler
                0x08001a4c                TIM1_BRK_IRQHandler
                0x08001a4c                EXTI1_IRQHandler
                0x08001a4c                USART2_IRQHandler
                0x08001a4c                I2C2_ER_IRQHandler
                0x08001a4c                DMA1_Channel2_IRQHandler
                0x08001a4c                CAN1_SCE_IRQHandler
                0x08001a4c                FLASH_IRQHandler
                0x08001a4c                USART1_IRQHandler
                0x08001a4c                I2C1_ER_IRQHandler
                0x08001a4c                USBWakeUp_IRQHandler
 *fill*         0x08001a4e        0x2 
 .text.HAL_InitTick
                0x08001a50       0x4c CMakeFiles/source.elf.dir/Drivers/STM32F1xx_HAL_Driver/Src/stm32f1xx_hal.c.obj
                0x08001a50                HAL_InitTick
 .text.HAL_Init
                0x08001a9c       0x24 CMakeFiles/source.elf.dir/Drivers/STM32F1xx_HAL_Driver/Src/stm32f1xx_hal.c.obj
                0x08001a9c                HAL_Init
 .text.HAL_IncTick
                0x08001ac0       0x18 CMakeFiles/source.elf.dir/Drivers/STM32F1xx_HAL_Driver/Src/stm32f1xx_hal.c.obj
                0x08001ac0                HAL_IncTick
 .text.HAL_GetTick
                0x08001ad8        0xc CMakeFiles/source.elf.dir/Drivers/STM32F1xx_HAL_Driver/Src/stm32f1xx_hal.c.obj
                0x08001ad8                HAL_GetTick
 .text.HAL_NVIC_SetPriorityGrouping
                0x08001ae4       0x24 CMakeFiles/source.elf.dir/Drivers/STM32F1xx_HAL_Driver/Src/stm32f1xx_hal_cortex.c.obj
                0x08001ae4                HAL_NVIC_SetPriorityGrouping
 .text.HAL_NVIC_SetPriority
                0x08001b08       0x70 CMakeFiles/source.elf.dir/Drivers/STM32F1xx_HAL_Driver/Src/stm32f1xx_hal_cortex.c.obj
                0x08001b08                HAL_NVIC_SetPriority
 .text.HAL_SYSTICK_Config
                0x08001b78       0x28 CMakeFiles/source.elf.dir/Drivers/STM32F1xx_HAL_Driver/Src/stm32f1xx_hal_cortex.c.obj
                0x08001b78                HAL_SYSTICK_Config
 .text.FLASH_Program_HalfWord
                0x08001ba0       0x1c CMakeFiles/source.elf.dir/Drivers/STM32F1xx_HAL_Driver/Src/stm32f1xx_hal_flash.c.obj
 .text.FLASH_SetErrorCode
                0x08001bbc       0x70 CMakeFiles/source.elf.dir/Drivers/STM32F1xx_HAL_Driver/Src/stm32f1xx_hal_flash.c.obj
 .text.HAL_FLASH_Unlock
                0x08001c2c       0x34 CMakeFiles/source.elf.dir/Drivers/STM32F1xx_HAL_Driver/Src/stm32f1xx_hal_flash.c.obj
                0x08001c2c                HAL_FLASH_Unlock
 .text.HAL_FLASH_Lock
                0x08001c60       0x14 CMakeFiles/source.elf.dir/Drivers/STM32F1xx_HAL_Driver/Src/stm32f1xx_hal_flash.c.obj
                0x08001c60                HAL_FLASH_Lock
 .text.FLASH_WaitForLastOperation
                0x08001c74       0x68 CMakeFiles/source.elf.dir/Drivers/STM32F1xx_HAL_Driver/Src/stm32f1xx_hal_flash.c.obj
                0x08001c74                FLASH_WaitForLastOperation
 .text.HAL_FLASH_Program
                0x08001cdc       0xa0 CMakeFiles/source.elf.dir/Drivers/STM32F1xx_HAL_Driver/Src/stm32f1xx_hal_flash.c.obj
                0x08001cdc                HAL_FLASH_Program
 .text.FLASH_MassErase
                0x08001d7c       0x24 CMakeFiles/source.elf.dir/Drivers/STM32F1xx_HAL_Driver/Src/stm32f1xx_hal_flash_ex.c.obj
 .text.FLASH_PageErase
                0x08001da0       0x24 CMakeFiles/source.elf.dir/Drivers/STM32F1xx_HAL_Driver/Src/stm32f1xx_hal_flash_ex.c.obj
                0x08001da0                FLASH_PageErase
 .text.HAL_FLASHEx_Erase
                0x08001dc4       0xa4 CMakeFiles/source.elf.dir/Drivers/STM32F1xx_HAL_Driver/Src/stm32f1xx_hal_flash_ex.c.obj
                0x08001dc4                HAL_FLASHEx_Erase
 .text.HAL_GPIO_Init
                0x08001e68      0x224 CMakeFiles/source.elf.dir/Drivers/STM32F1xx_HAL_Driver/Src/stm32f1xx_hal_gpio.c.obj
                0x08001e68                HAL_GPIO_Init
 .text.HAL_GPIO_ReadPin
                0x0800208c        0xe CMakeFiles/source.elf.dir/Drivers/STM32F1xx_HAL_Driver/Src/stm32f1xx_hal_gpio.c.obj
                0x0800208c                HAL_GPIO_ReadPin
 .text.HAL_GPIO_WritePin
                0x0800209a        0xc CMakeFiles/source.elf.dir/Drivers/STM32F1xx_HAL_Driver/Src/stm32f1xx_hal_gpio.c.obj
                0x0800209a                HAL_GPIO_WritePin
 .text.HAL_GPIO_TogglePin
                0x080020a6       0x12 CMakeFiles/source.elf.dir/Drivers/STM32F1xx_HAL_Driver/Src/stm32f1xx_hal_gpio.c.obj
                0x080020a6                HAL_GPIO_TogglePin
 .text.RCC_Delay
                0x080020b8       0x2c CMakeFiles/source.elf.dir/Drivers/STM32F1xx_HAL_Driver/Src/stm32f1xx_hal_rcc.c.obj
 .text.HAL_RCC_OscConfig
                0x080020e4      0x410 CMakeFiles/source.elf.dir/Drivers/STM32F1xx_HAL_Driver/Src/stm32f1xx_hal_rcc.c.obj
                0x080020e4                HAL_RCC_OscConfig
 .text.HAL_RCC_GetSysClockFreq
                0x080024f4       0x54 CMakeFiles/source.elf.dir/Drivers/STM32F1xx_HAL_Driver/Src/stm32f1xx_hal_rcc.c.obj
                0x080024f4                HAL_RCC_GetSysClockFreq
 .text.HAL_RCC_ClockConfig
                0x08002548      0x16c CMakeFiles/source.elf.dir/Drivers/STM32F1xx_HAL_Driver/Src/stm32f1xx_hal_rcc.c.obj
                0x08002548                HAL_RCC_ClockConfig
 .text.__libc_init_array
                0x080026b4       0x48 c:/gcc-arm-none-eabi-10-2020-q4-major/bin/../lib/gcc/arm-none-eabi/10.2.1/../../../../arm-none-eabi/lib/thumb/v7-m/nofp\libg.a(lib_a-init.o)
                0x080026b4                __libc_init_array
 .text.memset   0x080026fc       0xa4 c:/gcc-arm-none-eabi-10-2020-q4-major/bin/../lib/gcc/arm-none-eabi/10.2.1/../../../../arm-none-eabi/lib/thumb/v7-m/nofp\libg.a(lib_a-memset.o)
                0x080026fc                memset
 .text.startup.register_fini
                0x080027a0       0x14 c:/gcc-arm-none-eabi-10-2020-q4-major/bin/../lib/gcc/arm-none-eabi/10.2.1/../../../../arm-none-eabi/lib/thumb/v7-m/nofp\libg.a(lib_a-__call_atexit.o)
 .text.atexit   0x080027b4        0xc c:/gcc-arm-none-eabi-10-2020-q4-major/bin/../lib/gcc/arm-none-eabi/10.2.1/../../../../arm-none-eabi/lib/thumb/v7-m/nofp\libg.a(lib_a-atexit.o)
                0x080027b4                atexit
 .text.__libc_fini_array
                0x080027c0       0x2c c:/gcc-arm-none-eabi-10-2020-q4-major/bin/../lib/gcc/arm-none-eabi/10.2.1/../../../../arm-none-eabi/lib/thumb/v7-m/nofp\libg.a(lib_a-fini.o)
                0x080027c0                __libc_fini_array
 .text.__retarget_lock_acquire_recursive
                0x080027ec        0x4 c:/gcc-arm-none-eabi-10-2020-q4-major/bin/../lib/gcc/arm-none-eabi/10.2.1/../../../../arm-none-eabi/lib/thumb/v7-m/nofp\libg.a(lib_a-lock.o)
                0x080027ec                __retarget_lock_acquire_recursive
 .text.__retarget_lock_release_recursive
                0x080027f0        0x4 c:/gcc-arm-none-eabi-10-2020-q4-major/bin/../lib/gcc/arm-none-eabi/10.2.1/../../../../arm-none-eabi/lib/thumb/v7-m/nofp\libg.a(lib_a-lock.o)
                0x080027f0                __retarget_lock_release_recursive
 .text.__register_exitproc
                0x080027f4       0x8c c:/gcc-arm-none-eabi-10-2020-q4-major/bin/../lib/gcc/arm-none-eabi/10.2.1/../../../../arm-none-eabi/lib/thumb/v7-m/nofp\libg.a(lib_a-__atexit.o)
                0x080027f4                __register_exitproc
 *(.glue_7)
 .glue_7        0x08002880        0x0 linker stubs
 *(.glue_7t)
 .glue_7t       0x08002880        0x0 linker stubs
 *(.eh_frame)
 .eh_frame      0x08002880        0x0 c:/gcc-arm-none-eabi-10-2020-q4-major/bin/../lib/gcc/arm-none-eabi/10.2.1/thumb/v7-m/nofp/crtbegin.o
 *(.init)
 .init          0x08002880        0x4 c:/gcc-arm-none-eabi-10-2020-q4-major/bin/../lib/gcc/arm-none-eabi/10.2.1/thumb/v7-m/nofp/crti.o
                0x08002880                _init
 .init          0x08002884        0x8 c:/gcc-arm-none-eabi-10-2020-q4-major/bin/../lib/gcc/arm-none-eabi/10.2.1/thumb/v7-m/nofp/crtn.o
 *(.fini)
 .fini          0x0800288c        0x4 c:/gcc-arm-none-eabi-10-2020-q4-major/bin/../lib/gcc/arm-none-eabi/10.2.1/thumb/v7-m/nofp/crti.o
                0x0800288c                _fini
 .fini          0x08002890        0x8 c:/gcc-arm-none-eabi-10-2020-q4-major/bin/../lib/gcc/arm-none-eabi/10.2.1/thumb/v7-m/nofp/crtn.o
                0x08002898                . = ALIGN (0x4)
                0x08002898                _etext = .

.vfp11_veneer   0x08002898        0x0
 .vfp11_veneer  0x08002898        0x0 linker stubs

.v4_bx          0x08002898        0x0
 .v4_bx         0x08002898        0x0 linker stubs

.iplt           0x08002898        0x0
 .iplt          0x08002898        0x0 c:/gcc-arm-none-eabi-10-2020-q4-major/bin/../lib/gcc/arm-none-eabi/10.2.1/thumb/v7-m/nofp/crtbegin.o

.rodata         0x08002898      0x110
                0x08002898                . = ALIGN (0x4)
 *(.rodata)
 *(.rodata*)
 .rodata.stepMotor_ConstB
                0x08002898        0x8 CMakeFiles/source.elf.dir/Core/Src/stepMotor_data.c.obj
                0x08002898                stepMotor_ConstB
 .rodata.stepMotor_ConstP
                0x080028a0       0xe0 CMakeFiles/source.elf.dir/Core/Src/stepMotor_data.c.obj
                0x080028a0                stepMotor_ConstP
 .rodata.AHBPrescTable
                0x08002980       0x10 CMakeFiles/source.elf.dir/Core/Src/system_stm32f1xx.c.obj
                0x08002980                AHBPrescTable
 .rodata.aPLLMULFactorTable.1
                0x08002990       0x10 CMakeFiles/source.elf.dir/Drivers/STM32F1xx_HAL_Driver/Src/stm32f1xx_hal_rcc.c.obj
 .rodata.aPredivFactorTable.0
                0x080029a0        0x2 CMakeFiles/source.elf.dir/Drivers/STM32F1xx_HAL_Driver/Src/stm32f1xx_hal_rcc.c.obj
 *fill*         0x080029a2        0x2 
 .rodata._global_impure_ptr
                0x080029a4        0x4 c:/gcc-arm-none-eabi-10-2020-q4-major/bin/../lib/gcc/arm-none-eabi/10.2.1/../../../../arm-none-eabi/lib/thumb/v7-m/nofp\libg.a(lib_a-impure.o)
                0x080029a4                _global_impure_ptr
                0x080029a8                . = ALIGN (0x4)

.rel.dyn        0x080029a8        0x0
 .rel.iplt      0x080029a8        0x0 c:/gcc-arm-none-eabi-10-2020-q4-major/bin/../lib/gcc/arm-none-eabi/10.2.1/thumb/v7-m/nofp/crtbegin.o

.ARM.extab      0x080029a8        0x0
                0x080029a8                . = ALIGN (0x4)
 *(.ARM.extab* .gnu.linkonce.armextab.*)
                0x080029a8                . = ALIGN (0x4)

.ARM            0x080029a8        0x0
                0x080029a8                . = ALIGN (0x4)
                0x080029a8                __exidx_start = .
 *(.ARM.exidx*)
                0x080029a8                __exidx_end = .
                0x080029a8                . = ALIGN (0x4)

.preinit_array  0x080029a8        0x0
                0x080029a8                . = ALIGN (0x4)
                0x080029a8                PROVIDE (__preinit_array_start = .)
 *(.preinit_array*)
                0x080029a8                PROVIDE (__preinit_array_end = .)
                0x080029a8                . = ALIGN (0x4)

.init_array     0x080029a8        0x8
                0x080029a8                . = ALIGN (0x4)
                0x080029a8                PROVIDE (__init_array_start = .)
 *(SORT_BY_NAME(.init_array.*))
 .init_array.00000
                0x080029a8        0x4 c:/gcc-arm-none-eabi-10-2020-q4-major/bin/../lib/gcc/arm-none-eabi/10.2.1/../../../../arm-none-eabi/lib/thumb/v7-m/nofp\libg.a(lib_a-__call_atexit.o)
 *(.init_array*)
 .init_array    0x080029ac        0x4 c:/gcc-arm-none-eabi-10-2020-q4-major/bin/../lib/gcc/arm-none-eabi/10.2.1/thumb/v7-m/nofp/crtbegin.o
                0x080029b0                PROVIDE (__init_array_end = .)
                0x080029b0                . = ALIGN (0x4)

.fini_array     0x080029b0        0x4
                0x080029b0                . = ALIGN (0x4)
                0x080029b0                PROVIDE (__fini_array_start = .)
 *(SORT_BY_NAME(.fini_array.*))
 *(.fini_array*)
 .fini_array    0x080029b0        0x4 c:/gcc-arm-none-eabi-10-2020-q4-major/bin/../lib/gcc/arm-none-eabi/10.2.1/thumb/v7-m/nofp/crtbegin.o
                0x080029b4                PROVIDE (__fini_array_end = .)
                0x080029b4                . = ALIGN (0x4)
                0x080029b4                _sidata = LOADADDR (.data)

.data           0x20000000      0x43c load address 0x080029b4
                0x20000000                . = ALIGN (0x4)
                0x20000000                _sdata = .
 *(.data)
 *(.data*)
 .data.SystemCoreClock
                0x20000000        0x4 CMakeFiles/source.elf.dir/Core/Src/system_stm32f1xx.c.obj
                0x20000000                SystemCoreClock
 .data.uwTickFreq
                0x20000004        0x1 CMakeFiles/source.elf.dir/Drivers/STM32F1xx_HAL_Driver/Src/stm32f1xx_hal.c.obj
                0x20000004                uwTickFreq
 *fill*         0x20000005        0x3 
 .data.uwTickPrio
                0x20000008        0x4 CMakeFiles/source.elf.dir/Drivers/STM32F1xx_HAL_Driver/Src/stm32f1xx_hal.c.obj
                0x20000008                uwTickPrio
 *fill*         0x2000000c        0x4 
 .data.impure_data
                0x20000010      0x428 c:/gcc-arm-none-eabi-10-2020-q4-major/bin/../lib/gcc/arm-none-eabi/10.2.1/../../../../arm-none-eabi/lib/thumb/v7-m/nofp\libg.a(lib_a-impure.o)
 .data.__atexit_recursive_mutex
                0x20000438        0x4 c:/gcc-arm-none-eabi-10-2020-q4-major/bin/../lib/gcc/arm-none-eabi/10.2.1/../../../../arm-none-eabi/lib/thumb/v7-m/nofp\libg.a(lib_a-__call_atexit.o)
                0x20000438                __atexit_recursive_mutex
 *(.RamFunc)
 *(.RamFunc*)
                0x2000043c                . = ALIGN (0x4)
                0x2000043c                _edata = .

.igot.plt       0x2000043c        0x0 load address 0x08002df0
 .igot.plt      0x2000043c        0x0 c:/gcc-arm-none-eabi-10-2020-q4-major/bin/../lib/gcc/arm-none-eabi/10.2.1/thumb/v7-m/nofp/crtbegin.o
                0x2000043c                . = ALIGN (0x4)

.bss            0x20000440      0x494 load address 0x08002df0
                0x20000440                _sbss = .
                0x20000440                __bss_start__ = _sbss
 *(.bss)
 .bss           0x20000440       0x1c c:/gcc-arm-none-eabi-10-2020-q4-major/bin/../lib/gcc/arm-none-eabi/10.2.1/thumb/v7-m/nofp/crtbegin.o
 *(.bss*)
 .bss.gSteps.0  0x2000045c        0x4 CMakeFiles/source.elf.dir/Core/Src/main.c.obj
 .bss.sigInput  0x20000460        0xc CMakeFiles/source.elf.dir/Core/Src/main.c.obj
                0x20000460                sigInput
 .bss.sigOutput
                0x2000046c        0xc CMakeFiles/source.elf.dir/Core/Src/stepMotor.c.obj
                0x2000046c                sigOutput
 .bss.stepMotor_B
                0x20000478        0x2 CMakeFiles/source.elf.dir/Core/Src/stepMotor.c.obj
                0x20000478                stepMotor_B
 *fill*         0x2000047a        0x2 
 .bss.stepMotor_DW
                0x2000047c      0x430 CMakeFiles/source.elf.dir/Core/Src/stepMotor.c.obj
                0x2000047c                stepMotor_DW
 .bss.uwTick    0x200008ac        0x4 CMakeFiles/source.elf.dir/Drivers/STM32F1xx_HAL_Driver/Src/stm32f1xx_hal.c.obj
                0x200008ac                uwTick
 .bss.pFlash    0x200008b0       0x20 CMakeFiles/source.elf.dir/Drivers/STM32F1xx_HAL_Driver/Src/stm32f1xx_hal_flash.c.obj
                0x200008b0                pFlash
 .bss.__lock___atexit_recursive_mutex
                0x200008d0        0x1 c:/gcc-arm-none-eabi-10-2020-q4-major/bin/../lib/gcc/arm-none-eabi/10.2.1/../../../../arm-none-eabi/lib/thumb/v7-m/nofp\libg.a(lib_a-lock.o)
                0x200008d0                __lock___atexit_recursive_mutex
 *(COMMON)
                0x200008d4                . = ALIGN (0x4)
 *fill*         0x200008d1        0x3 
                0x200008d4                _ebss = .
                0x200008d4                __bss_end__ = _ebss

._user_heap_stack
                0x200008d4      0x604 load address 0x08002df0
                0x200008d8                . = ALIGN (0x8)
 *fill*         0x200008d4        0x4 
                [!provide]                PROVIDE (end = .)
                0x200008d8                PROVIDE (_end = .)
                0x20000ad8                . = (. + _Min_Heap_Size)
 *fill*         0x200008d8      0x200 
                0x20000ed8                . = (. + _Min_Stack_Size)
 *fill*         0x20000ad8      0x400 
                0x20000ed8                . = ALIGN (0x8)

/DISCARD/
 libc.a(*)
 libm.a(*)
 libgcc.a(*)

.ARM.attributes
                0x00000000       0x29
 *(.ARM.attributes)
 .ARM.attributes
                0x00000000       0x1d c:/gcc-arm-none-eabi-10-2020-q4-major/bin/../lib/gcc/arm-none-eabi/10.2.1/thumb/v7-m/nofp/crti.o
 .ARM.attributes
                0x0000001d       0x2d c:/gcc-arm-none-eabi-10-2020-q4-major/bin/../lib/gcc/arm-none-eabi/10.2.1/thumb/v7-m/nofp/crtbegin.o
 .ARM.attributes
                0x0000004a       0x2d CMakeFiles/source.elf.dir/Core/Src/gpio.c.obj
 .ARM.attributes
                0x00000077       0x2d CMakeFiles/source.elf.dir/Core/Src/main.c.obj
 .ARM.attributes
                0x000000a4       0x2d CMakeFiles/source.elf.dir/Core/Src/stepMotor.c.obj
 .ARM.attributes
                0x000000d1       0x33 CMakeFiles/source.elf.dir/Core/Src/stepMotor_data.c.obj
 .ARM.attributes
                0x00000104       0x2d CMakeFiles/source.elf.dir/Core/Src/stm32f1xx_hal_msp.c.obj
 .ARM.attributes
                0x00000131       0x2d CMakeFiles/source.elf.dir/Core/Src/stm32f1xx_it.c.obj
 .ARM.attributes
                0x0000015e       0x2d CMakeFiles/source.elf.dir/Core/Src/system_stm32f1xx.c.obj
 .ARM.attributes
                0x0000018b       0x21 CMakeFiles/source.elf.dir/Core/Startup/startup_stm32f103c8tx.s.obj
 .ARM.attributes
                0x000001ac       0x2d CMakeFiles/source.elf.dir/Drivers/STM32F1xx_HAL_Driver/Src/stm32f1xx_hal.c.obj
 .ARM.attributes
                0x000001d9       0x2d CMakeFiles/source.elf.dir/Drivers/STM32F1xx_HAL_Driver/Src/stm32f1xx_hal_cortex.c.obj
 .ARM.attributes
                0x00000206       0x2d CMakeFiles/source.elf.dir/Drivers/STM32F1xx_HAL_Driver/Src/stm32f1xx_hal_flash.c.obj
 .ARM.attributes
                0x00000233       0x2d CMakeFiles/source.elf.dir/Drivers/STM32F1xx_HAL_Driver/Src/stm32f1xx_hal_flash_ex.c.obj
 .ARM.attributes
                0x00000260       0x2d CMakeFiles/source.elf.dir/Drivers/STM32F1xx_HAL_Driver/Src/stm32f1xx_hal_gpio.c.obj
 .ARM.attributes
                0x0000028d       0x2d CMakeFiles/source.elf.dir/Drivers/STM32F1xx_HAL_Driver/Src/stm32f1xx_hal_rcc.c.obj
 .ARM.attributes
                0x000002ba       0x1d c:/gcc-arm-none-eabi-10-2020-q4-major/bin/../lib/gcc/arm-none-eabi/10.2.1/thumb/v7-m/nofp\libgcc.a(_arm_addsubdf3.o)
 .ARM.attributes
                0x000002d7       0x1d c:/gcc-arm-none-eabi-10-2020-q4-major/bin/../lib/gcc/arm-none-eabi/10.2.1/thumb/v7-m/nofp\libgcc.a(_arm_muldivdf3.o)
 .ARM.attributes
                0x000002f4       0x1d c:/gcc-arm-none-eabi-10-2020-q4-major/bin/../lib/gcc/arm-none-eabi/10.2.1/thumb/v7-m/nofp\libgcc.a(_arm_cmpdf2.o)
 .ARM.attributes
                0x00000311       0x1d c:/gcc-arm-none-eabi-10-2020-q4-major/bin/../lib/gcc/arm-none-eabi/10.2.1/thumb/v7-m/nofp\libgcc.a(_arm_truncdfsf2.o)
 .ARM.attributes
                0x0000032e       0x1d c:/gcc-arm-none-eabi-10-2020-q4-major/bin/../lib/gcc/arm-none-eabi/10.2.1/thumb/v7-m/nofp\libgcc.a(_arm_addsubsf3.o)
 .ARM.attributes
                0x0000034b       0x1d c:/gcc-arm-none-eabi-10-2020-q4-major/bin/../lib/gcc/arm-none-eabi/10.2.1/thumb/v7-m/nofp\libgcc.a(_arm_muldivsf3.o)
 .ARM.attributes
                0x00000368       0x1d c:/gcc-arm-none-eabi-10-2020-q4-major/bin/../lib/gcc/arm-none-eabi/10.2.1/thumb/v7-m/nofp\libgcc.a(_arm_cmpsf2.o)
 .ARM.attributes
                0x00000385       0x2d c:/gcc-arm-none-eabi-10-2020-q4-major/bin/../lib/gcc/arm-none-eabi/10.2.1/../../../../arm-none-eabi/lib/thumb/v7-m/nofp\libg.a(lib_a-impure.o)
 .ARM.attributes
                0x000003b2       0x2d c:/gcc-arm-none-eabi-10-2020-q4-major/bin/../lib/gcc/arm-none-eabi/10.2.1/../../../../arm-none-eabi/lib/thumb/v7-m/nofp\libg.a(lib_a-init.o)
 .ARM.attributes
                0x000003df       0x2d c:/gcc-arm-none-eabi-10-2020-q4-major/bin/../lib/gcc/arm-none-eabi/10.2.1/../../../../arm-none-eabi/lib/thumb/v7-m/nofp\libg.a(lib_a-memset.o)
 .ARM.attributes
                0x0000040c       0x2d c:/gcc-arm-none-eabi-10-2020-q4-major/bin/../lib/gcc/arm-none-eabi/10.2.1/../../../../arm-none-eabi/lib/thumb/v7-m/nofp\libg.a(lib_a-__call_atexit.o)
 .ARM.attributes
                0x00000439       0x2d c:/gcc-arm-none-eabi-10-2020-q4-major/bin/../lib/gcc/arm-none-eabi/10.2.1/../../../../arm-none-eabi/lib/thumb/v7-m/nofp\libg.a(lib_a-atexit.o)
 .ARM.attributes
                0x00000466       0x2d c:/gcc-arm-none-eabi-10-2020-q4-major/bin/../lib/gcc/arm-none-eabi/10.2.1/../../../../arm-none-eabi/lib/thumb/v7-m/nofp\libg.a(lib_a-fini.o)
 .ARM.attributes
                0x00000493       0x2d c:/gcc-arm-none-eabi-10-2020-q4-major/bin/../lib/gcc/arm-none-eabi/10.2.1/../../../../arm-none-eabi/lib/thumb/v7-m/nofp\libg.a(lib_a-lock.o)
 .ARM.attributes
                0x000004c0       0x2d c:/gcc-arm-none-eabi-10-2020-q4-major/bin/../lib/gcc/arm-none-eabi/10.2.1/../../../../arm-none-eabi/lib/thumb/v7-m/nofp\libg.a(lib_a-__atexit.o)
 .ARM.attributes
                0x000004ed       0x1d c:/gcc-arm-none-eabi-10-2020-q4-major/bin/../lib/gcc/arm-none-eabi/10.2.1/thumb/v7-m/nofp/crtn.o
OUTPUT(source.elf elf32-littlearm)
LOAD linker stubs
LOAD c:/gcc-arm-none-eabi-10-2020-q4-major/bin/../lib/gcc/arm-none-eabi/10.2.1/../../../../arm-none-eabi/lib/thumb/v7-m/nofp\libc.a
LOAD c:/gcc-arm-none-eabi-10-2020-q4-major/bin/../lib/gcc/arm-none-eabi/10.2.1/../../../../arm-none-eabi/lib/thumb/v7-m/nofp\libm.a
LOAD c:/gcc-arm-none-eabi-10-2020-q4-major/bin/../lib/gcc/arm-none-eabi/10.2.1/thumb/v7-m/nofp\libgcc.a

.debug_info     0x00000000     0x5512
 .debug_info    0x00000000      0x368 CMakeFiles/source.elf.dir/Core/Src/gpio.c.obj
 .debug_info    0x00000368      0x812 CMakeFiles/source.elf.dir/Core/Src/main.c.obj
 .debug_info    0x00000b7a      0xb43 CMakeFiles/source.elf.dir/Core/Src/stepMotor.c.obj
 .debug_info    0x000016bd      0x13c CMakeFiles/source.elf.dir/Core/Src/stepMotor_data.c.obj
 .debug_info    0x000017f9      0x211 CMakeFiles/source.elf.dir/Core/Src/stm32f1xx_hal_msp.c.obj
 .debug_info    0x00001a0a      0x130 CMakeFiles/source.elf.dir/Core/Src/stm32f1xx_it.c.obj
 .debug_info    0x00001b3a      0x248 CMakeFiles/source.elf.dir/Core/Src/system_stm32f1xx.c.obj
 .debug_info    0x00001d82       0x22 CMakeFiles/source.elf.dir/Core/Startup/startup_stm32f103c8tx.s.obj
 .debug_info    0x00001da4      0x7a8 CMakeFiles/source.elf.dir/Drivers/STM32F1xx_HAL_Driver/Src/stm32f1xx_hal.c.obj
 .debug_info    0x0000254c      0xd8a CMakeFiles/source.elf.dir/Drivers/STM32F1xx_HAL_Driver/Src/stm32f1xx_hal_cortex.c.obj
 .debug_info    0x000032d6      0x698 CMakeFiles/source.elf.dir/Drivers/STM32F1xx_HAL_Driver/Src/stm32f1xx_hal_flash.c.obj
 .debug_info    0x0000396e      0xafa CMakeFiles/source.elf.dir/Drivers/STM32F1xx_HAL_Driver/Src/stm32f1xx_hal_flash_ex.c.obj
 .debug_info    0x00004468      0x66f CMakeFiles/source.elf.dir/Drivers/STM32F1xx_HAL_Driver/Src/stm32f1xx_hal_gpio.c.obj
 .debug_info    0x00004ad7      0xa3b CMakeFiles/source.elf.dir/Drivers/STM32F1xx_HAL_Driver/Src/stm32f1xx_hal_rcc.c.obj

.debug_abbrev   0x00000000     0x16e2
 .debug_abbrev  0x00000000      0x13c CMakeFiles/source.elf.dir/Core/Src/gpio.c.obj
 .debug_abbrev  0x0000013c      0x279 CMakeFiles/source.elf.dir/Core/Src/main.c.obj
 .debug_abbrev  0x000003b5      0x1f4 CMakeFiles/source.elf.dir/Core/Src/stepMotor.c.obj
 .debug_abbrev  0x000005a9       0x90 CMakeFiles/source.elf.dir/Core/Src/stepMotor_data.c.obj
 .debug_abbrev  0x00000639       0xe5 CMakeFiles/source.elf.dir/Core/Src/stm32f1xx_hal_msp.c.obj
 .debug_abbrev  0x0000071e       0x7e CMakeFiles/source.elf.dir/Core/Src/stm32f1xx_it.c.obj
 .debug_abbrev  0x0000079c      0x13e CMakeFiles/source.elf.dir/Core/Src/system_stm32f1xx.c.obj
 .debug_abbrev  0x000008da       0x12 CMakeFiles/source.elf.dir/Core/Startup/startup_stm32f103c8tx.s.obj
 .debug_abbrev  0x000008ec      0x1f4 CMakeFiles/source.elf.dir/Drivers/STM32F1xx_HAL_Driver/Src/stm32f1xx_hal.c.obj
 .debug_abbrev  0x00000ae0      0x341 CMakeFiles/source.elf.dir/Drivers/STM32F1xx_HAL_Driver/Src/stm32f1xx_hal_cortex.c.obj
 .debug_abbrev  0x00000e21      0x22d CMakeFiles/source.elf.dir/Drivers/STM32F1xx_HAL_Driver/Src/stm32f1xx_hal_flash.c.obj
 .debug_abbrev  0x0000104e      0x234 CMakeFiles/source.elf.dir/Drivers/STM32F1xx_HAL_Driver/Src/stm32f1xx_hal_flash_ex.c.obj
 .debug_abbrev  0x00001282      0x1e6 CMakeFiles/source.elf.dir/Drivers/STM32F1xx_HAL_Driver/Src/stm32f1xx_hal_gpio.c.obj
 .debug_abbrev  0x00001468      0x27a CMakeFiles/source.elf.dir/Drivers/STM32F1xx_HAL_Driver/Src/stm32f1xx_hal_rcc.c.obj

.debug_aranges  0x00000000      0x510
 .debug_aranges
                0x00000000       0x20 CMakeFiles/source.elf.dir/Core/Src/gpio.c.obj
 .debug_aranges
                0x00000020       0x48 CMakeFiles/source.elf.dir/Core/Src/main.c.obj
 .debug_aranges
                0x00000068       0x48 CMakeFiles/source.elf.dir/Core/Src/stepMotor.c.obj
 .debug_aranges
                0x000000b0       0x18 CMakeFiles/source.elf.dir/Core/Src/stepMotor_data.c.obj
 .debug_aranges
                0x000000c8       0x20 CMakeFiles/source.elf.dir/Core/Src/stm32f1xx_hal_msp.c.obj
 .debug_aranges
                0x000000e8       0x60 CMakeFiles/source.elf.dir/Core/Src/stm32f1xx_it.c.obj
 .debug_aranges
                0x00000148       0x28 CMakeFiles/source.elf.dir/Core/Src/system_stm32f1xx.c.obj
 .debug_aranges
                0x00000170       0x28 CMakeFiles/source.elf.dir/Core/Startup/startup_stm32f103c8tx.s.obj
 .debug_aranges
                0x00000198       0xe0 CMakeFiles/source.elf.dir/Drivers/STM32F1xx_HAL_Driver/Src/stm32f1xx_hal.c.obj
 .debug_aranges
                0x00000278       0x90 CMakeFiles/source.elf.dir/Drivers/STM32F1xx_HAL_Driver/Src/stm32f1xx_hal_cortex.c.obj
 .debug_aranges
                0x00000308       0x88 CMakeFiles/source.elf.dir/Drivers/STM32F1xx_HAL_Driver/Src/stm32f1xx_hal_flash.c.obj
 .debug_aranges
                0x00000390       0x98 CMakeFiles/source.elf.dir/Drivers/STM32F1xx_HAL_Driver/Src/stm32f1xx_hal_flash_ex.c.obj
 .debug_aranges
                0x00000428       0x58 CMakeFiles/source.elf.dir/Drivers/STM32F1xx_HAL_Driver/Src/stm32f1xx_hal_gpio.c.obj
 .debug_aranges
                0x00000480       0x90 CMakeFiles/source.elf.dir/Drivers/STM32F1xx_HAL_Driver/Src/stm32f1xx_hal_rcc.c.obj

.debug_ranges   0x00000000      0x4b0
 .debug_ranges  0x00000000       0x10 CMakeFiles/source.elf.dir/Core/Src/gpio.c.obj
 .debug_ranges  0x00000010       0x38 CMakeFiles/source.elf.dir/Core/Src/main.c.obj
 .debug_ranges  0x00000048       0x38 CMakeFiles/source.elf.dir/Core/Src/stepMotor.c.obj
 .debug_ranges  0x00000080       0x10 CMakeFiles/source.elf.dir/Core/Src/stm32f1xx_hal_msp.c.obj
 .debug_ranges  0x00000090       0x50 CMakeFiles/source.elf.dir/Core/Src/stm32f1xx_it.c.obj
 .debug_ranges  0x000000e0       0x18 CMakeFiles/source.elf.dir/Core/Src/system_stm32f1xx.c.obj
 .debug_ranges  0x000000f8       0x20 CMakeFiles/source.elf.dir/Core/Startup/startup_stm32f103c8tx.s.obj
 .debug_ranges  0x00000118       0xd0 CMakeFiles/source.elf.dir/Drivers/STM32F1xx_HAL_Driver/Src/stm32f1xx_hal.c.obj
 .debug_ranges  0x000001e8       0xe0 CMakeFiles/source.elf.dir/Drivers/STM32F1xx_HAL_Driver/Src/stm32f1xx_hal_cortex.c.obj
 .debug_ranges  0x000002c8       0x78 CMakeFiles/source.elf.dir/Drivers/STM32F1xx_HAL_Driver/Src/stm32f1xx_hal_flash.c.obj
 .debug_ranges  0x00000340       0x88 CMakeFiles/source.elf.dir/Drivers/STM32F1xx_HAL_Driver/Src/stm32f1xx_hal_flash_ex.c.obj
 .debug_ranges  0x000003c8       0x48 CMakeFiles/source.elf.dir/Drivers/STM32F1xx_HAL_Driver/Src/stm32f1xx_hal_gpio.c.obj
 .debug_ranges  0x00000410       0xa0 CMakeFiles/source.elf.dir/Drivers/STM32F1xx_HAL_Driver/Src/stm32f1xx_hal_rcc.c.obj

.debug_line     0x00000000     0x4c46
 .debug_line    0x00000000      0x28b CMakeFiles/source.elf.dir/Core/Src/gpio.c.obj
 .debug_line    0x0000028b      0x57f CMakeFiles/source.elf.dir/Core/Src/main.c.obj
 .debug_line    0x0000080a      0xb6f CMakeFiles/source.elf.dir/Core/Src/stepMotor.c.obj
 .debug_line    0x00001379       0xd4 CMakeFiles/source.elf.dir/Core/Src/stepMotor_data.c.obj
 .debug_line    0x0000144d      0x1bb CMakeFiles/source.elf.dir/Core/Src/stm32f1xx_hal_msp.c.obj
 .debug_line    0x00001608      0x1eb CMakeFiles/source.elf.dir/Core/Src/stm32f1xx_it.c.obj
 .debug_line    0x000017f3      0x284 CMakeFiles/source.elf.dir/Core/Src/system_stm32f1xx.c.obj
 .debug_line    0x00001a77       0xbd CMakeFiles/source.elf.dir/Core/Startup/startup_stm32f103c8tx.s.obj
 .debug_line    0x00001b34      0x5e0 CMakeFiles/source.elf.dir/Drivers/STM32F1xx_HAL_Driver/Src/stm32f1xx_hal.c.obj
 .debug_line    0x00002114      0x6b1 CMakeFiles/source.elf.dir/Drivers/STM32F1xx_HAL_Driver/Src/stm32f1xx_hal_cortex.c.obj
 .debug_line    0x000027c5      0x800 CMakeFiles/source.elf.dir/Drivers/STM32F1xx_HAL_Driver/Src/stm32f1xx_hal_flash.c.obj
 .debug_line    0x00002fc5      0x992 CMakeFiles/source.elf.dir/Drivers/STM32F1xx_HAL_Driver/Src/stm32f1xx_hal_flash_ex.c.obj
 .debug_line    0x00003957      0x659 CMakeFiles/source.elf.dir/Drivers/STM32F1xx_HAL_Driver/Src/stm32f1xx_hal_gpio.c.obj
 .debug_line    0x00003fb0      0xc96 CMakeFiles/source.elf.dir/Drivers/STM32F1xx_HAL_Driver/Src/stm32f1xx_hal_rcc.c.obj

.debug_str      0x00000000     0x22ea
 .debug_str     0x00000000      0x29e CMakeFiles/source.elf.dir/Core/Src/gpio.c.obj
                                0x2e9 (size before relaxing)
 .debug_str     0x0000029e      0x3a9 CMakeFiles/source.elf.dir/Core/Src/main.c.obj
                                0x5c7 (size before relaxing)
 .debug_str     0x00000647      0x6c0 CMakeFiles/source.elf.dir/Core/Src/stepMotor.c.obj
                                0x902 (size before relaxing)
 .debug_str     0x00000d07       0x54 CMakeFiles/source.elf.dir/Core/Src/stepMotor_data.c.obj
                                0x289 (size before relaxing)
 .debug_str     0x00000d5b       0x91 CMakeFiles/source.elf.dir/Core/Src/stm32f1xx_hal_msp.c.obj
                                0x28b (size before relaxing)
 .debug_str     0x00000dec       0xee CMakeFiles/source.elf.dir/Core/Src/stm32f1xx_it.c.obj
                                0x28e (size before relaxing)
 .debug_str     0x00000eda       0xbf CMakeFiles/source.elf.dir/Core/Src/system_stm32f1xx.c.obj
                                0x2c0 (size before relaxing)
 .debug_str     0x00000f99       0x6d CMakeFiles/source.elf.dir/Core/Startup/startup_stm32f103c8tx.s.obj
                                 0xb9 (size before relaxing)
 .debug_str     0x00001006      0x606 CMakeFiles/source.elf.dir/Drivers/STM32F1xx_HAL_Driver/Src/stm32f1xx_hal.c.obj
                                0x890 (size before relaxing)
 .debug_str     0x0000160c      0x3fc CMakeFiles/source.elf.dir/Drivers/STM32F1xx_HAL_Driver/Src/stm32f1xx_hal_cortex.c.obj
                                0x93f (size before relaxing)
 .debug_str     0x00001a08      0x2d1 CMakeFiles/source.elf.dir/Drivers/STM32F1xx_HAL_Driver/Src/stm32f1xx_hal_flash.c.obj
                                0x59b (size before relaxing)
 .debug_str     0x00001cd9      0x2a9 CMakeFiles/source.elf.dir/Drivers/STM32F1xx_HAL_Driver/Src/stm32f1xx_hal_flash_ex.c.obj
                                0x6b1 (size before relaxing)
 .debug_str     0x00001f82      0x13d CMakeFiles/source.elf.dir/Drivers/STM32F1xx_HAL_Driver/Src/stm32f1xx_hal_gpio.c.obj
                                0x46c (size before relaxing)
 .debug_str     0x000020bf      0x22b CMakeFiles/source.elf.dir/Drivers/STM32F1xx_HAL_Driver/Src/stm32f1xx_hal_rcc.c.obj
                                0x697 (size before relaxing)

.comment        0x00000000       0x4d
 .comment       0x00000000       0x4d CMakeFiles/source.elf.dir/Core/Src/gpio.c.obj
                                 0x4e (size before relaxing)
 .comment       0x0000004d       0x4e CMakeFiles/source.elf.dir/Core/Src/main.c.obj
 .comment       0x0000004d       0x4e CMakeFiles/source.elf.dir/Core/Src/stepMotor.c.obj
 .comment       0x0000004d       0x4e CMakeFiles/source.elf.dir/Core/Src/stepMotor_data.c.obj
 .comment       0x0000004d       0x4e CMakeFiles/source.elf.dir/Core/Src/stm32f1xx_hal_msp.c.obj
 .comment       0x0000004d       0x4e CMakeFiles/source.elf.dir/Core/Src/stm32f1xx_it.c.obj
 .comment       0x0000004d       0x4e CMakeFiles/source.elf.dir/Core/Src/system_stm32f1xx.c.obj
 .comment       0x0000004d       0x4e CMakeFiles/source.elf.dir/Drivers/STM32F1xx_HAL_Driver/Src/stm32f1xx_hal.c.obj
 .comment       0x0000004d       0x4e CMakeFiles/source.elf.dir/Drivers/STM32F1xx_HAL_Driver/Src/stm32f1xx_hal_cortex.c.obj
 .comment       0x0000004d       0x4e CMakeFiles/source.elf.dir/Drivers/STM32F1xx_HAL_Driver/Src/stm32f1xx_hal_flash.c.obj
 .comment       0x0000004d       0x4e CMakeFiles/source.elf.dir/Drivers/STM32F1xx_HAL_Driver/Src/stm32f1xx_hal_flash_ex.c.obj
 .comment       0x0000004d       0x4e CMakeFiles/source.elf.dir/Drivers/STM32F1xx_HAL_Driver/Src/stm32f1xx_hal_gpio.c.obj
 .comment       0x0000004d       0x4e CMakeFiles/source.elf.dir/Drivers/STM32F1xx_HAL_Driver/Src/stm32f1xx_hal_rcc.c.obj

.debug_frame    0x00000000      0xfd0
 .debug_frame   0x00000000       0x38 CMakeFiles/source.elf.dir/Core/Src/gpio.c.obj
 .debug_frame   0x00000038       0xa8 CMakeFiles/source.elf.dir/Core/Src/main.c.obj
 .debug_frame   0x000000e0       0xc0 CMakeFiles/source.elf.dir/Core/Src/stepMotor.c.obj
 .debug_frame   0x000001a0       0x28 CMakeFiles/source.elf.dir/Core/Src/stm32f1xx_hal_msp.c.obj
 .debug_frame   0x000001c8       0xa8 CMakeFiles/source.elf.dir/Core/Src/stm32f1xx_it.c.obj
 .debug_frame   0x00000270       0x30 CMakeFiles/source.elf.dir/Core/Src/system_stm32f1xx.c.obj
 .debug_frame   0x000002a0      0x1cc CMakeFiles/source.elf.dir/Drivers/STM32F1xx_HAL_Driver/Src/stm32f1xx_hal.c.obj
 .debug_frame   0x0000046c      0x118 CMakeFiles/source.elf.dir/Drivers/STM32F1xx_HAL_Driver/Src/stm32f1xx_hal_cortex.c.obj
 .debug_frame   0x00000584      0x134 CMakeFiles/source.elf.dir/Drivers/STM32F1xx_HAL_Driver/Src/stm32f1xx_hal_flash.c.obj
 .debug_frame   0x000006b8      0x194 CMakeFiles/source.elf.dir/Drivers/STM32F1xx_HAL_Driver/Src/stm32f1xx_hal_flash_ex.c.obj
 .debug_frame   0x0000084c       0xe4 CMakeFiles/source.elf.dir/Drivers/STM32F1xx_HAL_Driver/Src/stm32f1xx_hal_gpio.c.obj
 .debug_frame   0x00000930      0x184 CMakeFiles/source.elf.dir/Drivers/STM32F1xx_HAL_Driver/Src/stm32f1xx_hal_rcc.c.obj
 .debug_frame   0x00000ab4       0xac c:/gcc-arm-none-eabi-10-2020-q4-major/bin/../lib/gcc/arm-none-eabi/10.2.1/thumb/v7-m/nofp\libgcc.a(_arm_addsubdf3.o)
 .debug_frame   0x00000b60       0x50 c:/gcc-arm-none-eabi-10-2020-q4-major/bin/../lib/gcc/arm-none-eabi/10.2.1/thumb/v7-m/nofp\libgcc.a(_arm_muldivdf3.o)
 .debug_frame   0x00000bb0       0xc4 c:/gcc-arm-none-eabi-10-2020-q4-major/bin/../lib/gcc/arm-none-eabi/10.2.1/thumb/v7-m/nofp\libgcc.a(_arm_cmpdf2.o)
 .debug_frame   0x00000c74       0x24 c:/gcc-arm-none-eabi-10-2020-q4-major/bin/../lib/gcc/arm-none-eabi/10.2.1/thumb/v7-m/nofp\libgcc.a(_arm_truncdfsf2.o)
 .debug_frame   0x00000c98       0x4c c:/gcc-arm-none-eabi-10-2020-q4-major/bin/../lib/gcc/arm-none-eabi/10.2.1/thumb/v7-m/nofp\libgcc.a(_arm_addsubsf3.o)
 .debug_frame   0x00000ce4       0x38 c:/gcc-arm-none-eabi-10-2020-q4-major/bin/../lib/gcc/arm-none-eabi/10.2.1/thumb/v7-m/nofp\libgcc.a(_arm_muldivsf3.o)
 .debug_frame   0x00000d1c       0xc8 c:/gcc-arm-none-eabi-10-2020-q4-major/bin/../lib/gcc/arm-none-eabi/10.2.1/thumb/v7-m/nofp\libgcc.a(_arm_cmpsf2.o)
 .debug_frame   0x00000de4       0x2c c:/gcc-arm-none-eabi-10-2020-q4-major/bin/../lib/gcc/arm-none-eabi/10.2.1/../../../../arm-none-eabi/lib/thumb/v7-m/nofp\libg.a(lib_a-init.o)
 .debug_frame   0x00000e10       0x2c c:/gcc-arm-none-eabi-10-2020-q4-major/bin/../lib/gcc/arm-none-eabi/10.2.1/../../../../arm-none-eabi/lib/thumb/v7-m/nofp\libg.a(lib_a-memset.o)
 .debug_frame   0x00000e3c       0x5c c:/gcc-arm-none-eabi-10-2020-q4-major/bin/../lib/gcc/arm-none-eabi/10.2.1/../../../../arm-none-eabi/lib/thumb/v7-m/nofp\libg.a(lib_a-__call_atexit.o)
 .debug_frame   0x00000e98       0x20 c:/gcc-arm-none-eabi-10-2020-q4-major/bin/../lib/gcc/arm-none-eabi/10.2.1/../../../../arm-none-eabi/lib/thumb/v7-m/nofp\libg.a(lib_a-atexit.o)
 .debug_frame   0x00000eb8       0x34 c:/gcc-arm-none-eabi-10-2020-q4-major/bin/../lib/gcc/arm-none-eabi/10.2.1/../../../../arm-none-eabi/lib/thumb/v7-m/nofp\libg.a(lib_a-fini.o)
 .debug_frame   0x00000eec       0xb0 c:/gcc-arm-none-eabi-10-2020-q4-major/bin/../lib/gcc/arm-none-eabi/10.2.1/../../../../arm-none-eabi/lib/thumb/v7-m/nofp\libg.a(lib_a-lock.o)
 .debug_frame   0x00000f9c       0x34 c:/gcc-arm-none-eabi-10-2020-q4-major/bin/../lib/gcc/arm-none-eabi/10.2.1/../../../../arm-none-eabi/lib/thumb/v7-m/nofp\libg.a(lib_a-__atexit.o)

.debug_loc      0x00000000     0x2ca8
 .debug_loc     0x00000000       0x5c CMakeFiles/source.elf.dir/Core/Src/main.c.obj
 .debug_loc     0x0000005c      0xc22 CMakeFiles/source.elf.dir/Core/Src/stepMotor.c.obj
 .debug_loc     0x00000c7e       0x15 CMakeFiles/source.elf.dir/Core/Src/stm32f1xx_hal_msp.c.obj
 .debug_loc     0x00000c93       0xff CMakeFiles/source.elf.dir/Core/Src/system_stm32f1xx.c.obj
 .debug_loc     0x00000d92      0x141 CMakeFiles/source.elf.dir/Drivers/STM32F1xx_HAL_Driver/Src/stm32f1xx_hal.c.obj
 .debug_loc     0x00000ed3      0x71f CMakeFiles/source.elf.dir/Drivers/STM32F1xx_HAL_Driver/Src/stm32f1xx_hal_cortex.c.obj
 .debug_loc     0x000015f2      0x3a2 CMakeFiles/source.elf.dir/Drivers/STM32F1xx_HAL_Driver/Src/stm32f1xx_hal_flash.c.obj
 .debug_loc     0x00001994      0x87f CMakeFiles/source.elf.dir/Drivers/STM32F1xx_HAL_Driver/Src/stm32f1xx_hal_flash_ex.c.obj
 .debug_loc     0x00002213      0x47d CMakeFiles/source.elf.dir/Drivers/STM32F1xx_HAL_Driver/Src/stm32f1xx_hal_gpio.c.obj
 .debug_loc     0x00002690      0x618 CMakeFiles/source.elf.dir/Drivers/STM32F1xx_HAL_Driver/Src/stm32f1xx_hal_rcc.c.obj
